e: file:///Users/susanacordobaserrano/AndroidStudioProjects/HomeTutorPro/app/src/test/java/com/devsusana/hometutorpro/data/repository/ScheduleExceptionRepositoryImplTest.kt:61:9 No value passed for parameter 'professorId'.
e: file:///Users/susanacordobaserrano/AndroidStudioProjects/HomeTutorPro/app/src/test/java/com/devsusana/hometutorpro/data/repository/ScheduleExceptionRepositoryImplTest.kt:88:55 No value passed for parameter 'professorId'.
e: file:///Users/susanacordobaserrano/AndroidStudioProjects/HomeTutorPro/app/src/test/java/com/devsusana/hometutorpro/data/repository/ScheduleExceptionRepositoryImplTest.kt:97:56 No value passed for parameter 'professorId'.
e: file:///Users/susanacordobaserrano/AndroidStudioProjects/HomeTutorPro/app/src/test/java/com/devsusana/hometutorpro/data/repository/ScheduleExceptionRepositoryImplTest.kt:103:55 No value passed for parameter 'professorId'.
e: file:///Users/susanacordobaserrano/AndroidStudioProjects/HomeTutorPro/app/src/test/java/com/devsusana/hometutorpro/data/repository/StudentRepositoryImplTest.kt:61:9 No value passed for parameter 'professorId'.
e: file:///Users/susanacordobaserrano/AndroidStudioProjects/HomeTutorPro/app/src/test/java/com/devsusana/hometutorpro/data/repository/StudentRepositoryImplTest.kt:81:13 No value passed for parameter 'resourceDao'.
e: file:///Users/susanacordobaserrano/AndroidStudioProjects/HomeTutorPro/app/src/test/java/com/devsusana/hometutorpro/data/repository/StudentRepositoryImplTest.kt:98:42 No value passed for parameter 'professorId'.
e: file:///Users/susanacordobaserrano/AndroidStudioProjects/HomeTutorPro/app/src/test/java/com/devsusana/hometutorpro/data/repository/StudentRepositoryImplTest.kt:106:43 No value passed for parameter 'professorId'.
e: file:///Users/susanacordobaserrano/AndroidStudioProjects/HomeTutorPro/app/src/test/java/com/devsusana/hometutorpro/data/repository/StudentRepositoryImplTest.kt:112:42 No value passed for parameter 'professorId'.
e: file:///Users/susanacordobaserrano/AndroidStudioProjects/HomeTutorPro/app/src/test/java/com/devsusana/hometutorpro/data/repository/StudentRepositoryImplTest.kt:128:43 No value passed for parameter 'professorId'.
e: file:///Users/susanacordobaserrano/AndroidStudioProjects/HomeTutorPro/app/src/test/java/com/devsusana/hometutorpro/data/repository/StudentRepositoryImplTest.kt:141:43 No value passed for parameter 'professorId'.
e: file:///Users/susanacordobaserrano/AndroidStudioProjects/HomeTutorPro/app/src/test/java/com/devsusana/hometutorpro/data/repository/StudentRepositoryImplTest.kt:231:43 No value passed for parameter 'professorId'.
e: file:///Users/susanacordobaserrano/AndroidStudioProjects/HomeTutorPro/app/src/test/java/com/devsusana/hometutorpro/data/repository/StudentRepositoryImplTest.kt:233:73 No value passed for parameter 'timestamp'.
e: file:///Users/susanacordobaserrano/AndroidStudioProjects/HomeTutorPro/app/src/test/java/com/devsusana/hometutorpro/data/repository/StudentRepositoryImplTest.kt:242:77 No value passed for parameter 'timestamp'.
e: file:///Users/susanacordobaserrano/AndroidStudioProjects/HomeTutorPro/app/src/test/java/com/devsusana/hometutorpro/data/repository/StudentRepositoryImplTest.kt:251:43 No value passed for parameter 'professorId'.
e: file:///Users/susanacordobaserrano/AndroidStudioProjects/HomeTutorPro/app/src/test/java/com/devsusana/hometutorpro/domain/usecases/GetStudentsUseCaseTest.kt:28:63 Argument type mismatch: actual type is 'Flow<List<Student>>', but 'Flow<List<StudentSummary>>' was expected.
e: file:///Users/susanacordobaserrano/AndroidStudioProjects/HomeTutorPro/app/src/test/java/com/devsusana/hometutorpro/domain/usecases/SaveScheduleExceptionUseCaseTest.kt:49:70 Argument type mismatch: actual type is 'Flow<List<Student>>', but 'Flow<List<StudentSummary>>' was expected.
e: file:///Users/susanacordobaserrano/AndroidStudioProjects/HomeTutorPro/app/src/test/java/com/devsusana/hometutorpro/domain/usecases/SaveScheduleExceptionUseCaseTest.kt:81:70 Argument type mismatch: actual type is 'Flow<List<Student>>', but 'Flow<List<StudentSummary>>' was expected.
e: file:///Users/susanacordobaserrano/AndroidStudioProjects/HomeTutorPro/app/src/test/java/com/devsusana/hometutorpro/presentation/dashboard/DashboardViewModelTest.kt:77:57 Argument type mismatch: actual type is 'Flow<List<Student>>', but 'Flow<List<StudentSummary>>' was expected.
e: file:///Users/susanacordobaserrano/AndroidStudioProjects/HomeTutorPro/app/src/test/java/com/devsusana/hometutorpro/presentation/dashboard/DashboardViewModelTest.kt:91:13 No value passed for parameter 'application'.
e: file:///Users/susanacordobaserrano/AndroidStudioProjects/HomeTutorPro/app/src/test/java/com/devsusana/hometutorpro/presentation/dashboard/DashboardViewModelTest.kt:114:61 Argument type mismatch: actual type is 'Flow<List<Student>>', but 'Flow<List<StudentSummary>>' was expected.
e: file:///Users/susanacordobaserrano/AndroidStudioProjects/HomeTutorPro/app/src/test/java/com/devsusana/hometutorpro/presentation/dashboard/DashboardViewModelTest.kt:128:17 No value passed for parameter 'application'.
e: file:///Users/susanacordobaserrano/AndroidStudioProjects/HomeTutorPro/app/src/test/java/com/devsusana/hometutorpro/presentation/student_detail/StudentDetailViewModelTest.kt:116:13 Argument type mismatch: actual type is 'IRegisterPaymentUseCase', but 'IGetCurrentUserUseCase' was expected.
e: file:///Users/susanacordobaserrano/AndroidStudioProjects/HomeTutorPro/app/src/test/java/com/devsusana/hometutorpro/presentation/student_detail/StudentDetailViewModelTest.kt:117:13 Argument type mismatch: actual type is 'IGetCurrentUserUseCase', but 'IValidateStudentUseCase' was expected.
e: file:///Users/susanacordobaserrano/AndroidStudioProjects/HomeTutorPro/app/src/test/java/com/devsusana/hometutorpro/presentation/student_detail/StudentDetailViewModelTest.kt:119:13 Argument type mismatch: actual type is 'IDeleteScheduleUseCase', but 'IStudentFinanceDelegate' was expected.
e: file:///Users/susanacordobaserrano/AndroidStudioProjects/HomeTutorPro/app/src/test/java/com/devsusana/hometutorpro/presentation/student_detail/StudentDetailViewModelTest.kt:120:13 Argument type mismatch: actual type is 'IGetSharedResourcesUseCase', but 'IStudentScheduleDelegate' was expected.
e: file:///Users/susanacordobaserrano/AndroidStudioProjects/HomeTutorPro/app/src/test/java/com/devsusana/hometutorpro/presentation/student_detail/StudentDetailViewModelTest.kt:121:13 Argument type mismatch: actual type is 'ISaveSharedResourceUseCase', but 'IStudentResourceDelegate' was expected.
e: file:///Users/susanacordobaserrano/AndroidStudioProjects/HomeTutorPro/app/src/test/java/com/devsusana/hometutorpro/presentation/student_detail/StudentDetailViewModelTest.kt:122:13 Argument type mismatch: actual type is 'IDeleteSharedResourceUseCase', but 'Application' was expected.
e: file:///Users/susanacordobaserrano/AndroidStudioProjects/HomeTutorPro/app/src/test/java/com/devsusana/hometutorpro/presentation/student_detail/StudentDetailViewModelTest.kt:123:13 Too many arguments for 'constructor(savedStateHandle: SavedStateHandle, getStudentByIdUseCase: IGetStudentByIdUseCase, saveStudentUseCase: ISaveStudentUseCase, deleteStudentUseCase: IDeleteStudentUseCase, getCurrentUserUseCase: IGetCurrentUserUseCase, validateStudentUseCase: IValidateStudentUseCase, saveScheduleUseCase: ISaveScheduleUseCase, financeDelegate: IStudentFinanceDelegate, scheduleDelegate: IStudentScheduleDelegate, resourceDelegate: IStudentResourceDelegate, application: Application): StudentDetailViewModel'.
e: file:///Users/susanacordobaserrano/AndroidStudioProjects/HomeTutorPro/app/src/test/java/com/devsusana/hometutorpro/presentation/student_detail/StudentDetailViewModelTest.kt:124:13 Too many arguments for 'constructor(savedStateHandle: SavedStateHandle, getStudentByIdUseCase: IGetStudentByIdUseCase, saveStudentUseCase: ISaveStudentUseCase, deleteStudentUseCase: IDeleteStudentUseCase, getCurrentUserUseCase: IGetCurrentUserUseCase, validateStudentUseCase: IValidateStudentUseCase, saveScheduleUseCase: ISaveScheduleUseCase, financeDelegate: IStudentFinanceDelegate, scheduleDelegate: IStudentScheduleDelegate, resourceDelegate: IStudentResourceDelegate, application: Application): StudentDetailViewModel'.
e: file:///Users/susanacordobaserrano/AndroidStudioProjects/HomeTutorPro/app/src/test/java/com/devsusana/hometutorpro/presentation/student_detail/StudentDetailViewModelTest.kt:125:13 Too many arguments for 'constructor(savedStateHandle: SavedStateHandle, getStudentByIdUseCase: IGetStudentByIdUseCase, saveStudentUseCase: ISaveStudentUseCase, deleteStudentUseCase: IDeleteStudentUseCase, getCurrentUserUseCase: IGetCurrentUserUseCase, validateStudentUseCase: IValidateStudentUseCase, saveScheduleUseCase: ISaveScheduleUseCase, financeDelegate: IStudentFinanceDelegate, scheduleDelegate: IStudentScheduleDelegate, resourceDelegate: IStudentResourceDelegate, application: Application): StudentDetailViewModel'.
e: file:///Users/susanacordobaserrano/AndroidStudioProjects/HomeTutorPro/app/src/test/java/com/devsusana/hometutorpro/presentation/student_detail/StudentDetailViewModelTest.kt:126:13 Too many arguments for 'constructor(savedStateHandle: SavedStateHandle, getStudentByIdUseCase: IGetStudentByIdUseCase, saveStudentUseCase: ISaveStudentUseCase, deleteStudentUseCase: IDeleteStudentUseCase, getCurrentUserUseCase: IGetCurrentUserUseCase, validateStudentUseCase: IValidateStudentUseCase, saveScheduleUseCase: ISaveScheduleUseCase, financeDelegate: IStudentFinanceDelegate, scheduleDelegate: IStudentScheduleDelegate, resourceDelegate: IStudentResourceDelegate, application: Application): StudentDetailViewModel'.
e: file:///Users/susanacordobaserrano/AndroidStudioProjects/HomeTutorPro/app/src/test/java/com/devsusana/hometutorpro/presentation/student_detail/StudentDetailViewModelTest.kt:127:13 Too many arguments for 'constructor(savedStateHandle: SavedStateHandle, getStudentByIdUseCase: IGetStudentByIdUseCase, saveStudentUseCase: ISaveStudentUseCase, deleteStudentUseCase: IDeleteStudentUseCase, getCurrentUserUseCase: IGetCurrentUserUseCase, validateStudentUseCase: IValidateStudentUseCase, saveScheduleUseCase: ISaveScheduleUseCase, financeDelegate: IStudentFinanceDelegate, scheduleDelegate: IStudentScheduleDelegate, resourceDelegate: IStudentResourceDelegate, application: Application): StudentDetailViewModel'.
e: file:///Users/susanacordobaserrano/AndroidStudioProjects/HomeTutorPro/app/src/test/java/com/devsusana/hometutorpro/presentation/student_detail/StudentDetailViewModelTest.kt:128:13 Too many arguments for 'constructor(savedStateHandle: SavedStateHandle, getStudentByIdUseCase: IGetStudentByIdUseCase, saveStudentUseCase: ISaveStudentUseCase, deleteStudentUseCase: IDeleteStudentUseCase, getCurrentUserUseCase: IGetCurrentUserUseCase, validateStudentUseCase: IValidateStudentUseCase, saveScheduleUseCase: ISaveScheduleUseCase, financeDelegate: IStudentFinanceDelegate, scheduleDelegate: IStudentScheduleDelegate, resourceDelegate: IStudentResourceDelegate, application: Application): StudentDetailViewModel'.
e: file:///Users/susanacordobaserrano/AndroidStudioProjects/HomeTutorPro/app/src/test/java/com/devsusana/hometutorpro/presentation/student_detail/StudentDetailViewModelTest.kt:152:13 Argument type mismatch: actual type is 'IRegisterPaymentUseCase', but 'IGetCurrentUserUseCase' was expected.
e: file:///Users/susanacordobaserrano/AndroidStudioProjects/HomeTutorPro/app/src/test/java/com/devsusana/hometutorpro/presentation/student_detail/StudentDetailViewModelTest.kt:153:13 Argument type mismatch: actual type is 'IGetCurrentUserUseCase', but 'IValidateStudentUseCase' was expected.
e: file:///Users/susanacordobaserrano/AndroidStudioProjects/HomeTutorPro/app/src/test/java/com/devsusana/hometutorpro/presentation/student_detail/StudentDetailViewModelTest.kt:155:13 Argument type mismatch: actual type is 'IDeleteScheduleUseCase', but 'IStudentFinanceDelegate' was expected.
e: file:///Users/susanacordobaserrano/AndroidStudioProjects/HomeTutorPro/app/src/test/java/com/devsusana/hometutorpro/presentation/student_detail/StudentDetailViewModelTest.kt:156:13 Argument type mismatch: actual type is 'IGetSharedResourcesUseCase', but 'IStudentScheduleDelegate' was expected.
e: file:///Users/susanacordobaserrano/AndroidStudioProjects/HomeTutorPro/app/src/test/java/com/devsusana/hometutorpro/presentation/student_detail/StudentDetailViewModelTest.kt:157:13 Argument type mismatch: actual type is 'ISaveSharedResourceUseCase', but 'IStudentResourceDelegate' was expected.
e: file:///Users/susanacordobaserrano/AndroidStudioProjects/HomeTutorPro/app/src/test/java/com/devsusana/hometutorpro/presentation/student_detail/StudentDetailViewModelTest.kt:158:13 Argument type mismatch: actual type is 'IDeleteSharedResourceUseCase', but 'Application' was expected.
e: file:///Users/susanacordobaserrano/AndroidStudioProjects/HomeTutorPro/app/src/test/java/com/devsusana/hometutorpro/presentation/student_detail/StudentDetailViewModelTest.kt:159:13 Too many arguments for 'constructor(savedStateHandle: SavedStateHandle, getStudentByIdUseCase: IGetStudentByIdUseCase, saveStudentUseCase: ISaveStudentUseCase, deleteStudentUseCase: IDeleteStudentUseCase, getCurrentUserUseCase: IGetCurrentUserUseCase, validateStudentUseCase: IValidateStudentUseCase, saveScheduleUseCase: ISaveScheduleUseCase, financeDelegate: IStudentFinanceDelegate, scheduleDelegate: IStudentScheduleDelegate, resourceDelegate: IStudentResourceDelegate, application: Application): StudentDetailViewModel'.
e: file:///Users/susanacordobaserrano/AndroidStudioProjects/HomeTutorPro/app/src/test/java/com/devsusana/hometutorpro/presentation/student_detail/StudentDetailViewModelTest.kt:160:13 Too many arguments for 'constructor(savedStateHandle: SavedStateHandle, getStudentByIdUseCase: IGetStudentByIdUseCase, saveStudentUseCase: ISaveStudentUseCase, deleteStudentUseCase: IDeleteStudentUseCase, getCurrentUserUseCase: IGetCurrentUserUseCase, validateStudentUseCase: IValidateStudentUseCase, saveScheduleUseCase: ISaveScheduleUseCase, financeDelegate: IStudentFinanceDelegate, scheduleDelegate: IStudentScheduleDelegate, resourceDelegate: IStudentResourceDelegate, application: Application): StudentDetailViewModel'.
e: file:///Users/susanacordobaserrano/AndroidStudioProjects/HomeTutorPro/app/src/test/java/com/devsusana/hometutorpro/presentation/student_detail/StudentDetailViewModelTest.kt:161:13 Too many arguments for 'constructor(savedStateHandle: SavedStateHandle, getStudentByIdUseCase: IGetStudentByIdUseCase, saveStudentUseCase: ISaveStudentUseCase, deleteStudentUseCase: IDeleteStudentUseCase, getCurrentUserUseCase: IGetCurrentUserUseCase, validateStudentUseCase: IValidateStudentUseCase, saveScheduleUseCase: ISaveScheduleUseCase, financeDelegate: IStudentFinanceDelegate, scheduleDelegate: IStudentScheduleDelegate, resourceDelegate: IStudentResourceDelegate, application: Application): StudentDetailViewModel'.
e: file:///Users/susanacordobaserrano/AndroidStudioProjects/HomeTutorPro/app/src/test/java/com/devsusana/hometutorpro/presentation/student_detail/StudentDetailViewModelTest.kt:162:13 Too many arguments for 'constructor(savedStateHandle: SavedStateHandle, getStudentByIdUseCase: IGetStudentByIdUseCase, saveStudentUseCase: ISaveStudentUseCase, deleteStudentUseCase: IDeleteStudentUseCase, getCurrentUserUseCase: IGetCurrentUserUseCase, validateStudentUseCase: IValidateStudentUseCase, saveScheduleUseCase: ISaveScheduleUseCase, financeDelegate: IStudentFinanceDelegate, scheduleDelegate: IStudentScheduleDelegate, resourceDelegate: IStudentResourceDelegate, application: Application): StudentDetailViewModel'.
e: file:///Users/susanacordobaserrano/AndroidStudioProjects/HomeTutorPro/app/src/test/java/com/devsusana/hometutorpro/presentation/student_detail/StudentDetailViewModelTest.kt:163:13 Too many arguments for 'constructor(savedStateHandle: SavedStateHandle, getStudentByIdUseCase: IGetStudentByIdUseCase, saveStudentUseCase: ISaveStudentUseCase, deleteStudentUseCase: IDeleteStudentUseCase, getCurrentUserUseCase: IGetCurrentUserUseCase, validateStudentUseCase: IValidateStudentUseCase, saveScheduleUseCase: ISaveScheduleUseCase, financeDelegate: IStudentFinanceDelegate, scheduleDelegate: IStudentScheduleDelegate, resourceDelegate: IStudentResourceDelegate, application: Application): StudentDetailViewModel'.
e: file:///Users/susanacordobaserrano/AndroidStudioProjects/HomeTutorPro/app/src/test/java/com/devsusana/hometutorpro/presentation/student_detail/StudentDetailViewModelTest.kt:164:13 Too many arguments for 'constructor(savedStateHandle: SavedStateHandle, getStudentByIdUseCase: IGetStudentByIdUseCase, saveStudentUseCase: ISaveStudentUseCase, deleteStudentUseCase: IDeleteStudentUseCase, getCurrentUserUseCase: IGetCurrentUserUseCase, validateStudentUseCase: IValidateStudentUseCase, saveScheduleUseCase: ISaveScheduleUseCase, financeDelegate: IStudentFinanceDelegate, scheduleDelegate: IStudentScheduleDelegate, resourceDelegate: IStudentResourceDelegate, application: Application): StudentDetailViewModel'.
e: file:///Users/susanacordobaserrano/AndroidStudioProjects/HomeTutorPro/app/src/test/java/com/devsusana/hometutorpro/presentation/student_detail/StudentDetailViewModelTest.kt:228:13 Argument type mismatch: actual type is 'IRegisterPaymentUseCase', but 'IGetCurrentUserUseCase' was expected.
e: file:///Users/susanacordobaserrano/AndroidStudioProjects/HomeTutorPro/app/src/test/java/com/devsusana/hometutorpro/presentation/student_detail/StudentDetailViewModelTest.kt:229:13 Argument type mismatch: actual type is 'IGetCurrentUserUseCase', but 'IValidateStudentUseCase' was expected.
e: file:///Users/susanacordobaserrano/AndroidStudioProjects/HomeTutorPro/app/src/test/java/com/devsusana/hometutorpro/presentation/student_detail/StudentDetailViewModelTest.kt:231:13 Argument type mismatch: actual type is 'IDeleteScheduleUseCase', but 'IStudentFinanceDelegate' was expected.
e: file:///Users/susanacordobaserrano/AndroidStudioProjects/HomeTutorPro/app/src/test/java/com/devsusana/hometutorpro/presentation/student_detail/StudentDetailViewModelTest.kt:232:13 Argument type mismatch: actual type is 'IGetSharedResourcesUseCase', but 'IStudentScheduleDelegate' was expected.
e: file:///Users/susanacordobaserrano/AndroidStudioProjects/HomeTutorPro/app/src/test/java/com/devsusana/hometutorpro/presentation/student_detail/StudentDetailViewModelTest.kt:233:13 Argument type mismatch: actual type is 'ISaveSharedResourceUseCase', but 'IStudentResourceDelegate' was expected.
e: file:///Users/susanacordobaserrano/AndroidStudioProjects/HomeTutorPro/app/src/test/java/com/devsusana/hometutorpro/presentation/student_detail/StudentDetailViewModelTest.kt:234:13 Argument type mismatch: actual type is 'IDeleteSharedResourceUseCase', but 'Application' was expected.
e: file:///Users/susanacordobaserrano/AndroidStudioProjects/HomeTutorPro/app/src/test/java/com/devsusana/hometutorpro/presentation/student_detail/StudentDetailViewModelTest.kt:235:13 Too many arguments for 'constructor(savedStateHandle: SavedStateHandle, getStudentByIdUseCase: IGetStudentByIdUseCase, saveStudentUseCase: ISaveStudentUseCase, deleteStudentUseCase: IDeleteStudentUseCase, getCurrentUserUseCase: IGetCurrentUserUseCase, validateStudentUseCase: IValidateStudentUseCase, saveScheduleUseCase: ISaveScheduleUseCase, financeDelegate: IStudentFinanceDelegate, scheduleDelegate: IStudentScheduleDelegate, resourceDelegate: IStudentResourceDelegate, application: Application): StudentDetailViewModel'.
e: file:///Users/susanacordobaserrano/AndroidStudioProjects/HomeTutorPro/app/src/test/java/com/devsusana/hometutorpro/presentation/student_detail/StudentDetailViewModelTest.kt:236:13 Too many arguments for 'constructor(savedStateHandle: SavedStateHandle, getStudentByIdUseCase: IGetStudentByIdUseCase, saveStudentUseCase: ISaveStudentUseCase, deleteStudentUseCase: IDeleteStudentUseCase, getCurrentUserUseCase: IGetCurrentUserUseCase, validateStudentUseCase: IValidateStudentUseCase, saveScheduleUseCase: ISaveScheduleUseCase, financeDelegate: IStudentFinanceDelegate, scheduleDelegate: IStudentScheduleDelegate, resourceDelegate: IStudentResourceDelegate, application: Application): StudentDetailViewModel'.
e: file:///Users/susanacordobaserrano/AndroidStudioProjects/HomeTutorPro/app/src/test/java/com/devsusana/hometutorpro/presentation/student_detail/StudentDetailViewModelTest.kt:237:13 Too many arguments for 'constructor(savedStateHandle: SavedStateHandle, getStudentByIdUseCase: IGetStudentByIdUseCase, saveStudentUseCase: ISaveStudentUseCase, deleteStudentUseCase: IDeleteStudentUseCase, getCurrentUserUseCase: IGetCurrentUserUseCase, validateStudentUseCase: IValidateStudentUseCase, saveScheduleUseCase: ISaveScheduleUseCase, financeDelegate: IStudentFinanceDelegate, scheduleDelegate: IStudentScheduleDelegate, resourceDelegate: IStudentResourceDelegate, application: Application): StudentDetailViewModel'.
e: file:///Users/susanacordobaserrano/AndroidStudioProjects/HomeTutorPro/app/src/test/java/com/devsusana/hometutorpro/presentation/student_detail/StudentDetailViewModelTest.kt:238:13 Too many arguments for 'constructor(savedStateHandle: SavedStateHandle, getStudentByIdUseCase: IGetStudentByIdUseCase, saveStudentUseCase: ISaveStudentUseCase, deleteStudentUseCase: IDeleteStudentUseCase, getCurrentUserUseCase: IGetCurrentUserUseCase, validateStudentUseCase: IValidateStudentUseCase, saveScheduleUseCase: ISaveScheduleUseCase, financeDelegate: IStudentFinanceDelegate, scheduleDelegate: IStudentScheduleDelegate, resourceDelegate: IStudentResourceDelegate, application: Application): StudentDetailViewModel'.
e: file:///Users/susanacordobaserrano/AndroidStudioProjects/HomeTutorPro/app/src/test/java/com/devsusana/hometutorpro/presentation/student_detail/StudentDetailViewModelTest.kt:239:13 Too many arguments for 'constructor(savedStateHandle: SavedStateHandle, getStudentByIdUseCase: IGetStudentByIdUseCase, saveStudentUseCase: ISaveStudentUseCase, deleteStudentUseCase: IDeleteStudentUseCase, getCurrentUserUseCase: IGetCurrentUserUseCase, validateStudentUseCase: IValidateStudentUseCase, saveScheduleUseCase: ISaveScheduleUseCase, financeDelegate: IStudentFinanceDelegate, scheduleDelegate: IStudentScheduleDelegate, resourceDelegate: IStudentResourceDelegate, application: Application): StudentDetailViewModel'.
e: file:///Users/susanacordobaserrano/AndroidStudioProjects/HomeTutorPro/app/src/test/java/com/devsusana/hometutorpro/presentation/student_detail/StudentDetailViewModelTest.kt:240:13 Too many arguments for 'constructor(savedStateHandle: SavedStateHandle, getStudentByIdUseCase: IGetStudentByIdUseCase, saveStudentUseCase: ISaveStudentUseCase, deleteStudentUseCase: IDeleteStudentUseCase, getCurrentUserUseCase: IGetCurrentUserUseCase, validateStudentUseCase: IValidateStudentUseCase, saveScheduleUseCase: ISaveScheduleUseCase, financeDelegate: IStudentFinanceDelegate, scheduleDelegate: IStudentScheduleDelegate, resourceDelegate: IStudentResourceDelegate, application: Application): StudentDetailViewModel'.
e: file:///Users/susanacordobaserrano/AndroidStudioProjects/HomeTutorPro/app/src/test/java/com/devsusana/hometutorpro/presentation/student_detail/StudentDetailViewModelTest.kt:274:13 Argument type mismatch: actual type is 'IRegisterPaymentUseCase', but 'IGetCurrentUserUseCase' was expected.
e: file:///Users/susanacordobaserrano/AndroidStudioProjects/HomeTutorPro/app/src/test/java/com/devsusana/hometutorpro/presentation/student_detail/StudentDetailViewModelTest.kt:275:13 Argument type mismatch: actual type is 'IGetCurrentUserUseCase', but 'IValidateStudentUseCase' was expected.
e: file:///Users/susanacordobaserrano/AndroidStudioProjects/HomeTutorPro/app/src/test/java/com/devsusana/hometutorpro/presentation/student_detail/StudentDetailViewModelTest.kt:277:13 Argument type mismatch: actual type is 'IDeleteScheduleUseCase', but 'IStudentFinanceDelegate' was expected.
e: file:///Users/susanacordobaserrano/AndroidStudioProjects/HomeTutorPro/app/src/test/java/com/devsusana/hometutorpro/presentation/student_detail/StudentDetailViewModelTest.kt:278:13 Argument type mismatch: actual type is 'IGetSharedResourcesUseCase', but 'IStudentScheduleDelegate' was expected.
e: file:///Users/susanacordobaserrano/AndroidStudioProjects/HomeTutorPro/app/src/test/java/com/devsusana/hometutorpro/presentation/student_detail/StudentDetailViewModelTest.kt:279:13 Argument type mismatch: actual type is 'ISaveSharedResourceUseCase', but 'IStudentResourceDelegate' was expected.
e: file:///Users/susanacordobaserrano/AndroidStudioProjects/HomeTutorPro/app/src/test/java/com/devsusana/hometutorpro/presentation/student_detail/StudentDetailViewModelTest.kt:280:13 Argument type mismatch: actual type is 'IDeleteSharedResourceUseCase', but 'Application' was expected.
e: file:///Users/susanacordobaserrano/AndroidStudioProjects/HomeTutorPro/app/src/test/java/com/devsusana/hometutorpro/presentation/student_detail/StudentDetailViewModelTest.kt:281:13 Too many arguments for 'constructor(savedStateHandle: SavedStateHandle, getStudentByIdUseCase: IGetStudentByIdUseCase, saveStudentUseCase: ISaveStudentUseCase, deleteStudentUseCase: IDeleteStudentUseCase, getCurrentUserUseCase: IGetCurrentUserUseCase, validateStudentUseCase: IValidateStudentUseCase, saveScheduleUseCase: ISaveScheduleUseCase, financeDelegate: IStudentFinanceDelegate, scheduleDelegate: IStudentScheduleDelegate, resourceDelegate: IStudentResourceDelegate, application: Application): StudentDetailViewModel'.
e: file:///Users/susanacordobaserrano/AndroidStudioProjects/HomeTutorPro/app/src/test/java/com/devsusana/hometutorpro/presentation/student_detail/StudentDetailViewModelTest.kt:282:13 Too many arguments for 'constructor(savedStateHandle: SavedStateHandle, getStudentByIdUseCase: IGetStudentByIdUseCase, saveStudentUseCase: ISaveStudentUseCase, deleteStudentUseCase: IDeleteStudentUseCase, getCurrentUserUseCase: IGetCurrentUserUseCase, validateStudentUseCase: IValidateStudentUseCase, saveScheduleUseCase: ISaveScheduleUseCase, financeDelegate: IStudentFinanceDelegate, scheduleDelegate: IStudentScheduleDelegate, resourceDelegate: IStudentResourceDelegate, application: Application): StudentDetailViewModel'.
e: file:///Users/susanacordobaserrano/AndroidStudioProjects/HomeTutorPro/app/src/test/java/com/devsusana/hometutorpro/presentation/student_detail/StudentDetailViewModelTest.kt:283:13 Too many arguments for 'constructor(savedStateHandle: SavedStateHandle, getStudentByIdUseCase: IGetStudentByIdUseCase, saveStudentUseCase: ISaveStudentUseCase, deleteStudentUseCase: IDeleteStudentUseCase, getCurrentUserUseCase: IGetCurrentUserUseCase, validateStudentUseCase: IValidateStudentUseCase, saveScheduleUseCase: ISaveScheduleUseCase, financeDelegate: IStudentFinanceDelegate, scheduleDelegate: IStudentScheduleDelegate, resourceDelegate: IStudentResourceDelegate, application: Application): StudentDetailViewModel'.
e: file:///Users/susanacordobaserrano/AndroidStudioProjects/HomeTutorPro/app/src/test/java/com/devsusana/hometutorpro/presentation/student_detail/StudentDetailViewModelTest.kt:284:13 Too many arguments for 'constructor(savedStateHandle: SavedStateHandle, getStudentByIdUseCase: IGetStudentByIdUseCase, saveStudentUseCase: ISaveStudentUseCase, deleteStudentUseCase: IDeleteStudentUseCase, getCurrentUserUseCase: IGetCurrentUserUseCase, validateStudentUseCase: IValidateStudentUseCase, saveScheduleUseCase: ISaveScheduleUseCase, financeDelegate: IStudentFinanceDelegate, scheduleDelegate: IStudentScheduleDelegate, resourceDelegate: IStudentResourceDelegate, application: Application): StudentDetailViewModel'.
e: file:///Users/susanacordobaserrano/AndroidStudioProjects/HomeTutorPro/app/src/test/java/com/devsusana/hometutorpro/presentation/student_detail/StudentDetailViewModelTest.kt:285:13 Too many arguments for 'constructor(savedStateHandle: SavedStateHandle, getStudentByIdUseCase: IGetStudentByIdUseCase, saveStudentUseCase: ISaveStudentUseCase, deleteStudentUseCase: IDeleteStudentUseCase, getCurrentUserUseCase: IGetCurrentUserUseCase, validateStudentUseCase: IValidateStudentUseCase, saveScheduleUseCase: ISaveScheduleUseCase, financeDelegate: IStudentFinanceDelegate, scheduleDelegate: IStudentScheduleDelegate, resourceDelegate: IStudentResourceDelegate, application: Application): StudentDetailViewModel'.
e: file:///Users/susanacordobaserrano/AndroidStudioProjects/HomeTutorPro/app/src/test/java/com/devsusana/hometutorpro/presentation/student_detail/StudentDetailViewModelTest.kt:286:13 Too many arguments for 'constructor(savedStateHandle: SavedStateHandle, getStudentByIdUseCase: IGetStudentByIdUseCase, saveStudentUseCase: ISaveStudentUseCase, deleteStudentUseCase: IDeleteStudentUseCase, getCurrentUserUseCase: IGetCurrentUserUseCase, validateStudentUseCase: IValidateStudentUseCase, saveScheduleUseCase: ISaveScheduleUseCase, financeDelegate: IStudentFinanceDelegate, scheduleDelegate: IStudentScheduleDelegate, resourceDelegate: IStudentResourceDelegate, application: Application): StudentDetailViewModel'.
e: file:///Users/susanacordobaserrano/AndroidStudioProjects/HomeTutorPro/app/src/test/java/com/devsusana/hometutorpro/presentation/student_detail/StudentDetailViewModelTest.kt:315:13 Argument type mismatch: actual type is 'IRegisterPaymentUseCase', but 'IGetCurrentUserUseCase' was expected.
e: file:///Users/susanacordobaserrano/AndroidStudioProjects/HomeTutorPro/app/src/test/java/com/devsusana/hometutorpro/presentation/student_detail/StudentDetailViewModelTest.kt:316:13 Argument type mismatch: actual type is 'IGetCurrentUserUseCase', but 'IValidateStudentUseCase' was expected.
e: file:///Users/susanacordobaserrano/AndroidStudioProjects/HomeTutorPro/app/src/test/java/com/devsusana/hometutorpro/presentation/student_detail/StudentDetailViewModelTest.kt:318:13 Argument type mismatch: actual type is 'IDeleteScheduleUseCase', but 'IStudentFinanceDelegate' was expected.
e: file:///Users/susanacordobaserrano/AndroidStudioProjects/HomeTutorPro/app/src/test/java/com/devsusana/hometutorpro/presentation/student_detail/StudentDetailViewModelTest.kt:319:13 Argument type mismatch: actual type is 'IGetSharedResourcesUseCase', but 'IStudentScheduleDelegate' was expected.
e: file:///Users/susanacordobaserrano/AndroidStudioProjects/HomeTutorPro/app/src/test/java/com/devsusana/hometutorpro/presentation/student_detail/StudentDetailViewModelTest.kt:320:13 Argument type mismatch: actual type is 'ISaveSharedResourceUseCase', but 'IStudentResourceDelegate' was expected.
e: file:///Users/susanacordobaserrano/AndroidStudioProjects/HomeTutorPro/app/src/test/java/com/devsusana/hometutorpro/presentation/student_detail/StudentDetailViewModelTest.kt:321:13 Argument type mismatch: actual type is 'IDeleteSharedResourceUseCase', but 'Application' was expected.
e: file:///Users/susanacordobaserrano/AndroidStudioProjects/HomeTutorPro/app/src/test/java/com/devsusana/hometutorpro/presentation/student_detail/StudentDetailViewModelTest.kt:322:13 Too many arguments for 'constructor(savedStateHandle: SavedStateHandle, getStudentByIdUseCase: IGetStudentByIdUseCase, saveStudentUseCase: ISaveStudentUseCase, deleteStudentUseCase: IDeleteStudentUseCase, getCurrentUserUseCase: IGetCurrentUserUseCase, validateStudentUseCase: IValidateStudentUseCase, saveScheduleUseCase: ISaveScheduleUseCase, financeDelegate: IStudentFinanceDelegate, scheduleDelegate: IStudentScheduleDelegate, resourceDelegate: IStudentResourceDelegate, application: Application): StudentDetailViewModel'.
e: file:///Users/susanacordobaserrano/AndroidStudioProjects/HomeTutorPro/app/src/test/java/com/devsusana/hometutorpro/presentation/student_detail/StudentDetailViewModelTest.kt:323:13 Too many arguments for 'constructor(savedStateHandle: SavedStateHandle, getStudentByIdUseCase: IGetStudentByIdUseCase, saveStudentUseCase: ISaveStudentUseCase, deleteStudentUseCase: IDeleteStudentUseCase, getCurrentUserUseCase: IGetCurrentUserUseCase, validateStudentUseCase: IValidateStudentUseCase, saveScheduleUseCase: ISaveScheduleUseCase, financeDelegate: IStudentFinanceDelegate, scheduleDelegate: IStudentScheduleDelegate, resourceDelegate: IStudentResourceDelegate, application: Application): StudentDetailViewModel'.
e: file:///Users/susanacordobaserrano/AndroidStudioProjects/HomeTutorPro/app/src/test/java/com/devsusana/hometutorpro/presentation/student_detail/StudentDetailViewModelTest.kt:324:13 Too many arguments for 'constructor(savedStateHandle: SavedStateHandle, getStudentByIdUseCase: IGetStudentByIdUseCase, saveStudentUseCase: ISaveStudentUseCase, deleteStudentUseCase: IDeleteStudentUseCase, getCurrentUserUseCase: IGetCurrentUserUseCase, validateStudentUseCase: IValidateStudentUseCase, saveScheduleUseCase: ISaveScheduleUseCase, financeDelegate: IStudentFinanceDelegate, scheduleDelegate: IStudentScheduleDelegate, resourceDelegate: IStudentResourceDelegate, application: Application): StudentDetailViewModel'.
e: file:///Users/susanacordobaserrano/AndroidStudioProjects/HomeTutorPro/app/src/test/java/com/devsusana/hometutorpro/presentation/student_detail/StudentDetailViewModelTest.kt:325:13 Too many arguments for 'constructor(savedStateHandle: SavedStateHandle, getStudentByIdUseCase: IGetStudentByIdUseCase, saveStudentUseCase: ISaveStudentUseCase, deleteStudentUseCase: IDeleteStudentUseCase, getCurrentUserUseCase: IGetCurrentUserUseCase, validateStudentUseCase: IValidateStudentUseCase, saveScheduleUseCase: ISaveScheduleUseCase, financeDelegate: IStudentFinanceDelegate, scheduleDelegate: IStudentScheduleDelegate, resourceDelegate: IStudentResourceDelegate, application: Application): StudentDetailViewModel'.
e: file:///Users/susanacordobaserrano/AndroidStudioProjects/HomeTutorPro/app/src/test/java/com/devsusana/hometutorpro/presentation/student_detail/StudentDetailViewModelTest.kt:326:13 Too many arguments for 'constructor(savedStateHandle: SavedStateHandle, getStudentByIdUseCase: IGetStudentByIdUseCase, saveStudentUseCase: ISaveStudentUseCase, deleteStudentUseCase: IDeleteStudentUseCase, getCurrentUserUseCase: IGetCurrentUserUseCase, validateStudentUseCase: IValidateStudentUseCase, saveScheduleUseCase: ISaveScheduleUseCase, financeDelegate: IStudentFinanceDelegate, scheduleDelegate: IStudentScheduleDelegate, resourceDelegate: IStudentResourceDelegate, application: Application): StudentDetailViewModel'.
e: file:///Users/susanacordobaserrano/AndroidStudioProjects/HomeTutorPro/app/src/test/java/com/devsusana/hometutorpro/presentation/student_detail/StudentDetailViewModelTest.kt:327:13 Too many arguments for 'constructor(savedStateHandle: SavedStateHandle, getStudentByIdUseCase: IGetStudentByIdUseCase, saveStudentUseCase: ISaveStudentUseCase, deleteStudentUseCase: IDeleteStudentUseCase, getCurrentUserUseCase: IGetCurrentUserUseCase, validateStudentUseCase: IValidateStudentUseCase, saveScheduleUseCase: ISaveScheduleUseCase, financeDelegate: IStudentFinanceDelegate, scheduleDelegate: IStudentScheduleDelegate, resourceDelegate: IStudentResourceDelegate, application: Application): StudentDetailViewModel'.
e: file:///Users/susanacordobaserrano/AndroidStudioProjects/HomeTutorPro/app/src/test/java/com/devsusana/hometutorpro/presentation/student_detail/StudentDetailViewModelTest.kt:355:13 Argument type mismatch: actual type is 'IRegisterPaymentUseCase', but 'IGetCurrentUserUseCase' was expected.
e: file:///Users/susanacordobaserrano/AndroidStudioProjects/HomeTutorPro/app/src/test/java/com/devsusana/hometutorpro/presentation/student_detail/StudentDetailViewModelTest.kt:356:13 Argument type mismatch: actual type is 'IGetCurrentUserUseCase', but 'IValidateStudentUseCase' was expected.
e: file:///Users/susanacordobaserrano/AndroidStudioProjects/HomeTutorPro/app/src/test/java/com/devsusana/hometutorpro/presentation/student_detail/StudentDetailViewModelTest.kt:358:13 Argument type mismatch: actual type is 'IDeleteScheduleUseCase', but 'IStudentFinanceDelegate' was expected.
e: file:///Users/susanacordobaserrano/AndroidStudioProjects/HomeTutorPro/app/src/test/java/com/devsusana/hometutorpro/presentation/student_detail/StudentDetailViewModelTest.kt:359:13 Argument type mismatch: actual type is 'IGetSharedResourcesUseCase', but 'IStudentScheduleDelegate' was expected.
e: file:///Users/susanacordobaserrano/AndroidStudioProjects/HomeTutorPro/app/src/test/java/com/devsusana/hometutorpro/presentation/student_detail/StudentDetailViewModelTest.kt:360:13 Argument type mismatch: actual type is 'ISaveSharedResourceUseCase', but 'IStudentResourceDelegate' was expected.
e: file:///Users/susanacordobaserrano/AndroidStudioProjects/HomeTutorPro/app/src/test/java/com/devsusana/hometutorpro/presentation/student_detail/StudentDetailViewModelTest.kt:361:13 Argument type mismatch: actual type is 'IDeleteSharedResourceUseCase', but 'Application' was expected.
e: file:///Users/susanacordobaserrano/AndroidStudioProjects/HomeTutorPro/app/src/test/java/com/devsusana/hometutorpro/presentation/student_detail/StudentDetailViewModelTest.kt:362:13 Too many arguments for 'constructor(savedStateHandle: SavedStateHandle, getStudentByIdUseCase: IGetStudentByIdUseCase, saveStudentUseCase: ISaveStudentUseCase, deleteStudentUseCase: IDeleteStudentUseCase, getCurrentUserUseCase: IGetCurrentUserUseCase, validateStudentUseCase: IValidateStudentUseCase, saveScheduleUseCase: ISaveScheduleUseCase, financeDelegate: IStudentFinanceDelegate, scheduleDelegate: IStudentScheduleDelegate, resourceDelegate: IStudentResourceDelegate, application: Application): StudentDetailViewModel'.
e: file:///Users/susanacordobaserrano/AndroidStudioProjects/HomeTutorPro/app/src/test/java/com/devsusana/hometutorpro/presentation/student_detail/StudentDetailViewModelTest.kt:363:13 Too many arguments for 'constructor(savedStateHandle: SavedStateHandle, getStudentByIdUseCase: IGetStudentByIdUseCase, saveStudentUseCase: ISaveStudentUseCase, deleteStudentUseCase: IDeleteStudentUseCase, getCurrentUserUseCase: IGetCurrentUserUseCase, validateStudentUseCase: IValidateStudentUseCase, saveScheduleUseCase: ISaveScheduleUseCase, financeDelegate: IStudentFinanceDelegate, scheduleDelegate: IStudentScheduleDelegate, resourceDelegate: IStudentResourceDelegate, application: Application): StudentDetailViewModel'.
e: file:///Users/susanacordobaserrano/AndroidStudioProjects/HomeTutorPro/app/src/test/java/com/devsusana/hometutorpro/presentation/student_detail/StudentDetailViewModelTest.kt:364:13 Too many arguments for 'constructor(savedStateHandle: SavedStateHandle, getStudentByIdUseCase: IGetStudentByIdUseCase, saveStudentUseCase: ISaveStudentUseCase, deleteStudentUseCase: IDeleteStudentUseCase, getCurrentUserUseCase: IGetCurrentUserUseCase, validateStudentUseCase: IValidateStudentUseCase, saveScheduleUseCase: ISaveScheduleUseCase, financeDelegate: IStudentFinanceDelegate, scheduleDelegate: IStudentScheduleDelegate, resourceDelegate: IStudentResourceDelegate, application: Application): StudentDetailViewModel'.
e: file:///Users/susanacordobaserrano/AndroidStudioProjects/HomeTutorPro/app/src/test/java/com/devsusana/hometutorpro/presentation/student_detail/StudentDetailViewModelTest.kt:365:13 Too many arguments for 'constructor(savedStateHandle: SavedStateHandle, getStudentByIdUseCase: IGetStudentByIdUseCase, saveStudentUseCase: ISaveStudentUseCase, deleteStudentUseCase: IDeleteStudentUseCase, getCurrentUserUseCase: IGetCurrentUserUseCase, validateStudentUseCase: IValidateStudentUseCase, saveScheduleUseCase: ISaveScheduleUseCase, financeDelegate: IStudentFinanceDelegate, scheduleDelegate: IStudentScheduleDelegate, resourceDelegate: IStudentResourceDelegate, application: Application): StudentDetailViewModel'.
e: file:///Users/susanacordobaserrano/AndroidStudioProjects/HomeTutorPro/app/src/test/java/com/devsusana/hometutorpro/presentation/student_detail/StudentDetailViewModelTest.kt:366:13 Too many arguments for 'constructor(savedStateHandle: SavedStateHandle, getStudentByIdUseCase: IGetStudentByIdUseCase, saveStudentUseCase: ISaveStudentUseCase, deleteStudentUseCase: IDeleteStudentUseCase, getCurrentUserUseCase: IGetCurrentUserUseCase, validateStudentUseCase: IValidateStudentUseCase, saveScheduleUseCase: ISaveScheduleUseCase, financeDelegate: IStudentFinanceDelegate, scheduleDelegate: IStudentScheduleDelegate, resourceDelegate: IStudentResourceDelegate, application: Application): StudentDetailViewModel'.
e: file:///Users/susanacordobaserrano/AndroidStudioProjects/HomeTutorPro/app/src/test/java/com/devsusana/hometutorpro/presentation/student_detail/StudentDetailViewModelTest.kt:367:13 Too many arguments for 'constructor(savedStateHandle: SavedStateHandle, getStudentByIdUseCase: IGetStudentByIdUseCase, saveStudentUseCase: ISaveStudentUseCase, deleteStudentUseCase: IDeleteStudentUseCase, getCurrentUserUseCase: IGetCurrentUserUseCase, validateStudentUseCase: IValidateStudentUseCase, saveScheduleUseCase: ISaveScheduleUseCase, financeDelegate: IStudentFinanceDelegate, scheduleDelegate: IStudentScheduleDelegate, resourceDelegate: IStudentResourceDelegate, application: Application): StudentDetailViewModel'.
e: file:///Users/susanacordobaserrano/AndroidStudioProjects/HomeTutorPro/app/src/test/java/com/devsusana/hometutorpro/presentation/student_detail/StudentDetailViewModelTest.kt:403:13 Argument type mismatch: actual type is 'IRegisterPaymentUseCase', but 'IGetCurrentUserUseCase' was expected.
e: file:///Users/susanacordobaserrano/AndroidStudioProjects/HomeTutorPro/app/src/test/java/com/devsusana/hometutorpro/presentation/student_detail/StudentDetailViewModelTest.kt:404:13 Argument type mismatch: actual type is 'IGetCurrentUserUseCase', but 'IValidateStudentUseCase' was expected.
e: file:///Users/susanacordobaserrano/AndroidStudioProjects/HomeTutorPro/app/src/test/java/com/devsusana/hometutorpro/presentation/student_detail/StudentDetailViewModelTest.kt:406:13 Argument type mismatch: actual type is 'IDeleteScheduleUseCase', but 'IStudentFinanceDelegate' was expected.
e: file:///Users/susanacordobaserrano/AndroidStudioProjects/HomeTutorPro/app/src/test/java/com/devsusana/hometutorpro/presentation/student_detail/StudentDetailViewModelTest.kt:407:13 Argument type mismatch: actual type is 'IGetSharedResourcesUseCase', but 'IStudentScheduleDelegate' was expected.
e: file:///Users/susanacordobaserrano/AndroidStudioProjects/HomeTutorPro/app/src/test/java/com/devsusana/hometutorpro/presentation/student_detail/StudentDetailViewModelTest.kt:408:13 Argument type mismatch: actual type is 'ISaveSharedResourceUseCase', but 'IStudentResourceDelegate' was expected.
e: file:///Users/susanacordobaserrano/AndroidStudioProjects/HomeTutorPro/app/src/test/java/com/devsusana/hometutorpro/presentation/student_detail/StudentDetailViewModelTest.kt:409:13 Argument type mismatch: actual type is 'IDeleteSharedResourceUseCase', but 'Application' was expected.
e: file:///Users/susanacordobaserrano/AndroidStudioProjects/HomeTutorPro/app/src/test/java/com/devsusana/hometutorpro/presentation/student_detail/StudentDetailViewModelTest.kt:410:13 Too many arguments for 'constructor(savedStateHandle: SavedStateHandle, getStudentByIdUseCase: IGetStudentByIdUseCase, saveStudentUseCase: ISaveStudentUseCase, deleteStudentUseCase: IDeleteStudentUseCase, getCurrentUserUseCase: IGetCurrentUserUseCase, validateStudentUseCase: IValidateStudentUseCase, saveScheduleUseCase: ISaveScheduleUseCase, financeDelegate: IStudentFinanceDelegate, scheduleDelegate: IStudentScheduleDelegate, resourceDelegate: IStudentResourceDelegate, application: Application): StudentDetailViewModel'.
e: file:///Users/susanacordobaserrano/AndroidStudioProjects/HomeTutorPro/app/src/test/java/com/devsusana/hometutorpro/presentation/student_detail/StudentDetailViewModelTest.kt:411:13 Too many arguments for 'constructor(savedStateHandle: SavedStateHandle, getStudentByIdUseCase: IGetStudentByIdUseCase, saveStudentUseCase: ISaveStudentUseCase, deleteStudentUseCase: IDeleteStudentUseCase, getCurrentUserUseCase: IGetCurrentUserUseCase, validateStudentUseCase: IValidateStudentUseCase, saveScheduleUseCase: ISaveScheduleUseCase, financeDelegate: IStudentFinanceDelegate, scheduleDelegate: IStudentScheduleDelegate, resourceDelegate: IStudentResourceDelegate, application: Application): StudentDetailViewModel'.
e: file:///Users/susanacordobaserrano/AndroidStudioProjects/HomeTutorPro/app/src/test/java/com/devsusana/hometutorpro/presentation/student_detail/StudentDetailViewModelTest.kt:412:13 Too many arguments for 'constructor(savedStateHandle: SavedStateHandle, getStudentByIdUseCase: IGetStudentByIdUseCase, saveStudentUseCase: ISaveStudentUseCase, deleteStudentUseCase: IDeleteStudentUseCase, getCurrentUserUseCase: IGetCurrentUserUseCase, validateStudentUseCase: IValidateStudentUseCase, saveScheduleUseCase: ISaveScheduleUseCase, financeDelegate: IStudentFinanceDelegate, scheduleDelegate: IStudentScheduleDelegate, resourceDelegate: IStudentResourceDelegate, application: Application): StudentDetailViewModel'.
e: file:///Users/susanacordobaserrano/AndroidStudioProjects/HomeTutorPro/app/src/test/java/com/devsusana/hometutorpro/presentation/student_detail/StudentDetailViewModelTest.kt:413:13 Too many arguments for 'constructor(savedStateHandle: SavedStateHandle, getStudentByIdUseCase: IGetStudentByIdUseCase, saveStudentUseCase: ISaveStudentUseCase, deleteStudentUseCase: IDeleteStudentUseCase, getCurrentUserUseCase: IGetCurrentUserUseCase, validateStudentUseCase: IValidateStudentUseCase, saveScheduleUseCase: ISaveScheduleUseCase, financeDelegate: IStudentFinanceDelegate, scheduleDelegate: IStudentScheduleDelegate, resourceDelegate: IStudentResourceDelegate, application: Application): StudentDetailViewModel'.
e: file:///Users/susanacordobaserrano/AndroidStudioProjects/HomeTutorPro/app/src/test/java/com/devsusana/hometutorpro/presentation/student_detail/StudentDetailViewModelTest.kt:414:13 Too many arguments for 'constructor(savedStateHandle: SavedStateHandle, getStudentByIdUseCase: IGetStudentByIdUseCase, saveStudentUseCase: ISaveStudentUseCase, deleteStudentUseCase: IDeleteStudentUseCase, getCurrentUserUseCase: IGetCurrentUserUseCase, validateStudentUseCase: IValidateStudentUseCase, saveScheduleUseCase: ISaveScheduleUseCase, financeDelegate: IStudentFinanceDelegate, scheduleDelegate: IStudentScheduleDelegate, resourceDelegate: IStudentResourceDelegate, application: Application): StudentDetailViewModel'.
e: file:///Users/susanacordobaserrano/AndroidStudioProjects/HomeTutorPro/app/src/test/java/com/devsusana/hometutorpro/presentation/student_detail/StudentDetailViewModelTest.kt:415:13 Too many arguments for 'constructor(savedStateHandle: SavedStateHandle, getStudentByIdUseCase: IGetStudentByIdUseCase, saveStudentUseCase: ISaveStudentUseCase, deleteStudentUseCase: IDeleteStudentUseCase, getCurrentUserUseCase: IGetCurrentUserUseCase, validateStudentUseCase: IValidateStudentUseCase, saveScheduleUseCase: ISaveScheduleUseCase, financeDelegate: IStudentFinanceDelegate, scheduleDelegate: IStudentScheduleDelegate, resourceDelegate: IStudentResourceDelegate, application: Application): StudentDetailViewModel'.
e: file:///Users/susanacordobaserrano/AndroidStudioProjects/HomeTutorPro/app/src/test/java/com/devsusana/hometutorpro/presentation/student_detail/StudentDetailViewModelTest.kt:453:13 Argument type mismatch: actual type is 'IRegisterPaymentUseCase', but 'IGetCurrentUserUseCase' was expected.
e: file:///Users/susanacordobaserrano/AndroidStudioProjects/HomeTutorPro/app/src/test/java/com/devsusana/hometutorpro/presentation/student_detail/StudentDetailViewModelTest.kt:454:13 Argument type mismatch: actual type is 'IGetCurrentUserUseCase', but 'IValidateStudentUseCase' was expected.
e: file:///Users/susanacordobaserrano/AndroidStudioProjects/HomeTutorPro/app/src/test/java/com/devsusana/hometutorpro/presentation/student_detail/StudentDetailViewModelTest.kt:456:13 Argument type mismatch: actual type is 'IDeleteScheduleUseCase', but 'IStudentFinanceDelegate' was expected.
e: file:///Users/susanacordobaserrano/AndroidStudioProjects/HomeTutorPro/app/src/test/java/com/devsusana/hometutorpro/presentation/student_detail/StudentDetailViewModelTest.kt:457:13 Argument type mismatch: actual type is 'IGetSharedResourcesUseCase', but 'IStudentScheduleDelegate' was expected.
e: file:///Users/susanacordobaserrano/AndroidStudioProjects/HomeTutorPro/app/src/test/java/com/devsusana/hometutorpro/presentation/student_detail/StudentDetailViewModelTest.kt:458:13 Argument type mismatch: actual type is 'ISaveSharedResourceUseCase', but 'IStudentResourceDelegate' was expected.
e: file:///Users/susanacordobaserrano/AndroidStudioProjects/HomeTutorPro/app/src/test/java/com/devsusana/hometutorpro/presentation/student_detail/StudentDetailViewModelTest.kt:459:13 Argument type mismatch: actual type is 'IDeleteSharedResourceUseCase', but 'Application' was expected.
e: file:///Users/susanacordobaserrano/AndroidStudioProjects/HomeTutorPro/app/src/test/java/com/devsusana/hometutorpro/presentation/student_detail/StudentDetailViewModelTest.kt:460:13 Too many arguments for 'constructor(savedStateHandle: SavedStateHandle, getStudentByIdUseCase: IGetStudentByIdUseCase, saveStudentUseCase: ISaveStudentUseCase, deleteStudentUseCase: IDeleteStudentUseCase, getCurrentUserUseCase: IGetCurrentUserUseCase, validateStudentUseCase: IValidateStudentUseCase, saveScheduleUseCase: ISaveScheduleUseCase, financeDelegate: IStudentFinanceDelegate, scheduleDelegate: IStudentScheduleDelegate, resourceDelegate: IStudentResourceDelegate, application: Application): StudentDetailViewModel'.
e: file:///Users/susanacordobaserrano/AndroidStudioProjects/HomeTutorPro/app/src/test/java/com/devsusana/hometutorpro/presentation/student_detail/StudentDetailViewModelTest.kt:461:13 Too many arguments for 'constructor(savedStateHandle: SavedStateHandle, getStudentByIdUseCase: IGetStudentByIdUseCase, saveStudentUseCase: ISaveStudentUseCase, deleteStudentUseCase: IDeleteStudentUseCase, getCurrentUserUseCase: IGetCurrentUserUseCase, validateStudentUseCase: IValidateStudentUseCase, saveScheduleUseCase: ISaveScheduleUseCase, financeDelegate: IStudentFinanceDelegate, scheduleDelegate: IStudentScheduleDelegate, resourceDelegate: IStudentResourceDelegate, application: Application): StudentDetailViewModel'.
e: file:///Users/susanacordobaserrano/AndroidStudioProjects/HomeTutorPro/app/src/test/java/com/devsusana/hometutorpro/presentation/student_detail/StudentDetailViewModelTest.kt:462:13 Too many arguments for 'constructor(savedStateHandle: SavedStateHandle, getStudentByIdUseCase: IGetStudentByIdUseCase, saveStudentUseCase: ISaveStudentUseCase, deleteStudentUseCase: IDeleteStudentUseCase, getCurrentUserUseCase: IGetCurrentUserUseCase, validateStudentUseCase: IValidateStudentUseCase, saveScheduleUseCase: ISaveScheduleUseCase, financeDelegate: IStudentFinanceDelegate, scheduleDelegate: IStudentScheduleDelegate, resourceDelegate: IStudentResourceDelegate, application: Application): StudentDetailViewModel'.
e: file:///Users/susanacordobaserrano/AndroidStudioProjects/HomeTutorPro/app/src/test/java/com/devsusana/hometutorpro/presentation/student_detail/StudentDetailViewModelTest.kt:463:13 Too many arguments for 'constructor(savedStateHandle: SavedStateHandle, getStudentByIdUseCase: IGetStudentByIdUseCase, saveStudentUseCase: ISaveStudentUseCase, deleteStudentUseCase: IDeleteStudentUseCase, getCurrentUserUseCase: IGetCurrentUserUseCase, validateStudentUseCase: IValidateStudentUseCase, saveScheduleUseCase: ISaveScheduleUseCase, financeDelegate: IStudentFinanceDelegate, scheduleDelegate: IStudentScheduleDelegate, resourceDelegate: IStudentResourceDelegate, application: Application): StudentDetailViewModel'.
e: file:///Users/susanacordobaserrano/AndroidStudioProjects/HomeTutorPro/app/src/test/java/com/devsusana/hometutorpro/presentation/student_detail/StudentDetailViewModelTest.kt:464:13 Too many arguments for 'constructor(savedStateHandle: SavedStateHandle, getStudentByIdUseCase: IGetStudentByIdUseCase, saveStudentUseCase: ISaveStudentUseCase, deleteStudentUseCase: IDeleteStudentUseCase, getCurrentUserUseCase: IGetCurrentUserUseCase, validateStudentUseCase: IValidateStudentUseCase, saveScheduleUseCase: ISaveScheduleUseCase, financeDelegate: IStudentFinanceDelegate, scheduleDelegate: IStudentScheduleDelegate, resourceDelegate: IStudentResourceDelegate, application: Application): StudentDetailViewModel'.
e: file:///Users/susanacordobaserrano/AndroidStudioProjects/HomeTutorPro/app/src/test/java/com/devsusana/hometutorpro/presentation/student_detail/StudentDetailViewModelTest.kt:465:13 Too many arguments for 'constructor(savedStateHandle: SavedStateHandle, getStudentByIdUseCase: IGetStudentByIdUseCase, saveStudentUseCase: ISaveStudentUseCase, deleteStudentUseCase: IDeleteStudentUseCase, getCurrentUserUseCase: IGetCurrentUserUseCase, validateStudentUseCase: IValidateStudentUseCase, saveScheduleUseCase: ISaveScheduleUseCase, financeDelegate: IStudentFinanceDelegate, scheduleDelegate: IStudentScheduleDelegate, resourceDelegate: IStudentResourceDelegate, application: Application): StudentDetailViewModel'.
e: file:///Users/susanacordobaserrano/AndroidStudioProjects/HomeTutorPro/app/src/test/java/com/devsusana/hometutorpro/presentation/student_detail/StudentDetailViewModelTest.kt:507:13 Argument type mismatch: actual type is 'IRegisterPaymentUseCase', but 'IGetCurrentUserUseCase' was expected.
e: file:///Users/susanacordobaserrano/AndroidStudioProjects/HomeTutorPro/app/src/test/java/com/devsusana/hometutorpro/presentation/student_detail/StudentDetailViewModelTest.kt:508:13 Argument type mismatch: actual type is 'IGetCurrentUserUseCase', but 'IValidateStudentUseCase' was expected.
e: file:///Users/susanacordobaserrano/AndroidStudioProjects/HomeTutorPro/app/src/test/java/com/devsusana/hometutorpro/presentation/student_detail/StudentDetailViewModelTest.kt:510:13 Argument type mismatch: actual type is 'IDeleteScheduleUseCase', but 'IStudentFinanceDelegate' was expected.
e: file:///Users/susanacordobaserrano/AndroidStudioProjects/HomeTutorPro/app/src/test/java/com/devsusana/hometutorpro/presentation/student_detail/StudentDetailViewModelTest.kt:511:13 Argument type mismatch: actual type is 'IGetSharedResourcesUseCase', but 'IStudentScheduleDelegate' was expected.
e: file:///Users/susanacordobaserrano/AndroidStudioProjects/HomeTutorPro/app/src/test/java/com/devsusana/hometutorpro/presentation/student_detail/StudentDetailViewModelTest.kt:512:13 Argument type mismatch: actual type is 'ISaveSharedResourceUseCase', but 'IStudentResourceDelegate' was expected.
e: file:///Users/susanacordobaserrano/AndroidStudioProjects/HomeTutorPro/app/src/test/java/com/devsusana/hometutorpro/presentation/student_detail/StudentDetailViewModelTest.kt:513:13 Argument type mismatch: actual type is 'IDeleteSharedResourceUseCase', but 'Application' was expected.
e: file:///Users/susanacordobaserrano/AndroidStudioProjects/HomeTutorPro/app/src/test/java/com/devsusana/hometutorpro/presentation/student_detail/StudentDetailViewModelTest.kt:514:13 Too many arguments for 'constructor(savedStateHandle: SavedStateHandle, getStudentByIdUseCase: IGetStudentByIdUseCase, saveStudentUseCase: ISaveStudentUseCase, deleteStudentUseCase: IDeleteStudentUseCase, getCurrentUserUseCase: IGetCurrentUserUseCase, validateStudentUseCase: IValidateStudentUseCase, saveScheduleUseCase: ISaveScheduleUseCase, financeDelegate: IStudentFinanceDelegate, scheduleDelegate: IStudentScheduleDelegate, resourceDelegate: IStudentResourceDelegate, application: Application): StudentDetailViewModel'.
e: file:///Users/susanacordobaserrano/AndroidStudioProjects/HomeTutorPro/app/src/test/java/com/devsusana/hometutorpro/presentation/student_detail/StudentDetailViewModelTest.kt:515:13 Too many arguments for 'constructor(savedStateHandle: SavedStateHandle, getStudentByIdUseCase: IGetStudentByIdUseCase, saveStudentUseCase: ISaveStudentUseCase, deleteStudentUseCase: IDeleteStudentUseCase, getCurrentUserUseCase: IGetCurrentUserUseCase, validateStudentUseCase: IValidateStudentUseCase, saveScheduleUseCase: ISaveScheduleUseCase, financeDelegate: IStudentFinanceDelegate, scheduleDelegate: IStudentScheduleDelegate, resourceDelegate: IStudentResourceDelegate, application: Application): StudentDetailViewModel'.
e: file:///Users/susanacordobaserrano/AndroidStudioProjects/HomeTutorPro/app/src/test/java/com/devsusana/hometutorpro/presentation/student_detail/StudentDetailViewModelTest.kt:516:13 Too many arguments for 'constructor(savedStateHandle: SavedStateHandle, getStudentByIdUseCase: IGetStudentByIdUseCase, saveStudentUseCase: ISaveStudentUseCase, deleteStudentUseCase: IDeleteStudentUseCase, getCurrentUserUseCase: IGetCurrentUserUseCase, validateStudentUseCase: IValidateStudentUseCase, saveScheduleUseCase: ISaveScheduleUseCase, financeDelegate: IStudentFinanceDelegate, scheduleDelegate: IStudentScheduleDelegate, resourceDelegate: IStudentResourceDelegate, application: Application): StudentDetailViewModel'.
e: file:///Users/susanacordobaserrano/AndroidStudioProjects/HomeTutorPro/app/src/test/java/com/devsusana/hometutorpro/presentation/student_detail/StudentDetailViewModelTest.kt:517:13 Too many arguments for 'constructor(savedStateHandle: SavedStateHandle, getStudentByIdUseCase: IGetStudentByIdUseCase, saveStudentUseCase: ISaveStudentUseCase, deleteStudentUseCase: IDeleteStudentUseCase, getCurrentUserUseCase: IGetCurrentUserUseCase, validateStudentUseCase: IValidateStudentUseCase, saveScheduleUseCase: ISaveScheduleUseCase, financeDelegate: IStudentFinanceDelegate, scheduleDelegate: IStudentScheduleDelegate, resourceDelegate: IStudentResourceDelegate, application: Application): StudentDetailViewModel'.
e: file:///Users/susanacordobaserrano/AndroidStudioProjects/HomeTutorPro/app/src/test/java/com/devsusana/hometutorpro/presentation/student_detail/StudentDetailViewModelTest.kt:518:13 Too many arguments for 'constructor(savedStateHandle: SavedStateHandle, getStudentByIdUseCase: IGetStudentByIdUseCase, saveStudentUseCase: ISaveStudentUseCase, deleteStudentUseCase: IDeleteStudentUseCase, getCurrentUserUseCase: IGetCurrentUserUseCase, validateStudentUseCase: IValidateStudentUseCase, saveScheduleUseCase: ISaveScheduleUseCase, financeDelegate: IStudentFinanceDelegate, scheduleDelegate: IStudentScheduleDelegate, resourceDelegate: IStudentResourceDelegate, application: Application): StudentDetailViewModel'.
e: file:///Users/susanacordobaserrano/AndroidStudioProjects/HomeTutorPro/app/src/test/java/com/devsusana/hometutorpro/presentation/student_detail/StudentDetailViewModelTest.kt:519:13 Too many arguments for 'constructor(savedStateHandle: SavedStateHandle, getStudentByIdUseCase: IGetStudentByIdUseCase, saveStudentUseCase: ISaveStudentUseCase, deleteStudentUseCase: IDeleteStudentUseCase, getCurrentUserUseCase: IGetCurrentUserUseCase, validateStudentUseCase: IValidateStudentUseCase, saveScheduleUseCase: ISaveScheduleUseCase, financeDelegate: IStudentFinanceDelegate, scheduleDelegate: IStudentScheduleDelegate, resourceDelegate: IStudentResourceDelegate, application: Application): StudentDetailViewModel'.
e: file:///Users/susanacordobaserrano/AndroidStudioProjects/HomeTutorPro/app/src/test/java/com/devsusana/hometutorpro/presentation/student_detail/StudentDetailViewModelTest.kt:562:13 Argument type mismatch: actual type is 'IRegisterPaymentUseCase', but 'IGetCurrentUserUseCase' was expected.
e: file:///Users/susanacordobaserrano/AndroidStudioProjects/HomeTutorPro/app/src/test/java/com/devsusana/hometutorpro/presentation/student_detail/StudentDetailViewModelTest.kt:563:13 Argument type mismatch: actual type is 'IGetCurrentUserUseCase', but 'IValidateStudentUseCase' was expected.
e: file:///Users/susanacordobaserrano/AndroidStudioProjects/HomeTutorPro/app/src/test/java/com/devsusana/hometutorpro/presentation/student_detail/StudentDetailViewModelTest.kt:565:13 Argument type mismatch: actual type is 'IDeleteScheduleUseCase', but 'IStudentFinanceDelegate' was expected.
e: file:///Users/susanacordobaserrano/AndroidStudioProjects/HomeTutorPro/app/src/test/java/com/devsusana/hometutorpro/presentation/student_detail/StudentDetailViewModelTest.kt:566:13 Argument type mismatch: actual type is 'IGetSharedResourcesUseCase', but 'IStudentScheduleDelegate' was expected.
e: file:///Users/susanacordobaserrano/AndroidStudioProjects/HomeTutorPro/app/src/test/java/com/devsusana/hometutorpro/presentation/student_detail/StudentDetailViewModelTest.kt:567:13 Argument type mismatch: actual type is 'ISaveSharedResourceUseCase', but 'IStudentResourceDelegate' was expected.
e: file:///Users/susanacordobaserrano/AndroidStudioProjects/HomeTutorPro/app/src/test/java/com/devsusana/hometutorpro/presentation/student_detail/StudentDetailViewModelTest.kt:568:13 Argument type mismatch: actual type is 'IDeleteSharedResourceUseCase', but 'Application' was expected.
e: file:///Users/susanacordobaserrano/AndroidStudioProjects/HomeTutorPro/app/src/test/java/com/devsusana/hometutorpro/presentation/student_detail/StudentDetailViewModelTest.kt:569:13 Too many arguments for 'constructor(savedStateHandle: SavedStateHandle, getStudentByIdUseCase: IGetStudentByIdUseCase, saveStudentUseCase: ISaveStudentUseCase, deleteStudentUseCase: IDeleteStudentUseCase, getCurrentUserUseCase: IGetCurrentUserUseCase, validateStudentUseCase: IValidateStudentUseCase, saveScheduleUseCase: ISaveScheduleUseCase, financeDelegate: IStudentFinanceDelegate, scheduleDelegate: IStudentScheduleDelegate, resourceDelegate: IStudentResourceDelegate, application: Application): StudentDetailViewModel'.
e: file:///Users/susanacordobaserrano/AndroidStudioProjects/HomeTutorPro/app/src/test/java/com/devsusana/hometutorpro/presentation/student_detail/StudentDetailViewModelTest.kt:570:13 Too many arguments for 'constructor(savedStateHandle: SavedStateHandle, getStudentByIdUseCase: IGetStudentByIdUseCase, saveStudentUseCase: ISaveStudentUseCase, deleteStudentUseCase: IDeleteStudentUseCase, getCurrentUserUseCase: IGetCurrentUserUseCase, validateStudentUseCase: IValidateStudentUseCase, saveScheduleUseCase: ISaveScheduleUseCase, financeDelegate: IStudentFinanceDelegate, scheduleDelegate: IStudentScheduleDelegate, resourceDelegate: IStudentResourceDelegate, application: Application): StudentDetailViewModel'.
e: file:///Users/susanacordobaserrano/AndroidStudioProjects/HomeTutorPro/app/src/test/java/com/devsusana/hometutorpro/presentation/student_detail/StudentDetailViewModelTest.kt:571:13 Too many arguments for 'constructor(savedStateHandle: SavedStateHandle, getStudentByIdUseCase: IGetStudentByIdUseCase, saveStudentUseCase: ISaveStudentUseCase, deleteStudentUseCase: IDeleteStudentUseCase, getCurrentUserUseCase: IGetCurrentUserUseCase, validateStudentUseCase: IValidateStudentUseCase, saveScheduleUseCase: ISaveScheduleUseCase, financeDelegate: IStudentFinanceDelegate, scheduleDelegate: IStudentScheduleDelegate, resourceDelegate: IStudentResourceDelegate, application: Application): StudentDetailViewModel'.
e: file:///Users/susanacordobaserrano/AndroidStudioProjects/HomeTutorPro/app/src/test/java/com/devsusana/hometutorpro/presentation/student_detail/StudentDetailViewModelTest.kt:572:13 Too many arguments for 'constructor(savedStateHandle: SavedStateHandle, getStudentByIdUseCase: IGetStudentByIdUseCase, saveStudentUseCase: ISaveStudentUseCase, deleteStudentUseCase: IDeleteStudentUseCase, getCurrentUserUseCase: IGetCurrentUserUseCase, validateStudentUseCase: IValidateStudentUseCase, saveScheduleUseCase: ISaveScheduleUseCase, financeDelegate: IStudentFinanceDelegate, scheduleDelegate: IStudentScheduleDelegate, resourceDelegate: IStudentResourceDelegate, application: Application): StudentDetailViewModel'.
e: file:///Users/susanacordobaserrano/AndroidStudioProjects/HomeTutorPro/app/src/test/java/com/devsusana/hometutorpro/presentation/student_detail/StudentDetailViewModelTest.kt:573:13 Too many arguments for 'constructor(savedStateHandle: SavedStateHandle, getStudentByIdUseCase: IGetStudentByIdUseCase, saveStudentUseCase: ISaveStudentUseCase, deleteStudentUseCase: IDeleteStudentUseCase, getCurrentUserUseCase: IGetCurrentUserUseCase, validateStudentUseCase: IValidateStudentUseCase, saveScheduleUseCase: ISaveScheduleUseCase, financeDelegate: IStudentFinanceDelegate, scheduleDelegate: IStudentScheduleDelegate, resourceDelegate: IStudentResourceDelegate, application: Application): StudentDetailViewModel'.
e: file:///Users/susanacordobaserrano/AndroidStudioProjects/HomeTutorPro/app/src/test/java/com/devsusana/hometutorpro/presentation/student_detail/StudentDetailViewModelTest.kt:574:13 Too many arguments for 'constructor(savedStateHandle: SavedStateHandle, getStudentByIdUseCase: IGetStudentByIdUseCase, saveStudentUseCase: ISaveStudentUseCase, deleteStudentUseCase: IDeleteStudentUseCase, getCurrentUserUseCase: IGetCurrentUserUseCase, validateStudentUseCase: IValidateStudentUseCase, saveScheduleUseCase: ISaveScheduleUseCase, financeDelegate: IStudentFinanceDelegate, scheduleDelegate: IStudentScheduleDelegate, resourceDelegate: IStudentResourceDelegate, application: Application): StudentDetailViewModel'.
e: file:///Users/susanacordobaserrano/AndroidStudioProjects/HomeTutorPro/app/src/test/java/com/devsusana/hometutorpro/presentation/student_detail/StudentDetailViewModelTest.kt:621:13 Argument type mismatch: actual type is 'IRegisterPaymentUseCase', but 'IGetCurrentUserUseCase' was expected.
e: file:///Users/susanacordobaserrano/AndroidStudioProjects/HomeTutorPro/app/src/test/java/com/devsusana/hometutorpro/presentation/student_detail/StudentDetailViewModelTest.kt:622:13 Argument type mismatch: actual type is 'IGetCurrentUserUseCase', but 'IValidateStudentUseCase' was expected.
e: file:///Users/susanacordobaserrano/AndroidStudioProjects/HomeTutorPro/app/src/test/java/com/devsusana/hometutorpro/presentation/student_detail/StudentDetailViewModelTest.kt:624:13 Argument type mismatch: actual type is 'IDeleteScheduleUseCase', but 'IStudentFinanceDelegate' was expected.
e: file:///Users/susanacordobaserrano/AndroidStudioProjects/HomeTutorPro/app/src/test/java/com/devsusana/hometutorpro/presentation/student_detail/StudentDetailViewModelTest.kt:625:13 Argument type mismatch: actual type is 'IGetSharedResourcesUseCase', but 'IStudentScheduleDelegate' was expected.
e: file:///Users/susanacordobaserrano/AndroidStudioProjects/HomeTutorPro/app/src/test/java/com/devsusana/hometutorpro/presentation/student_detail/StudentDetailViewModelTest.kt:626:13 Argument type mismatch: actual type is 'ISaveSharedResourceUseCase', but 'IStudentResourceDelegate' was expected.
e: file:///Users/susanacordobaserrano/AndroidStudioProjects/HomeTutorPro/app/src/test/java/com/devsusana/hometutorpro/presentation/student_detail/StudentDetailViewModelTest.kt:627:13 Argument type mismatch: actual type is 'IDeleteSharedResourceUseCase', but 'Application' was expected.
e: file:///Users/susanacordobaserrano/AndroidStudioProjects/HomeTutorPro/app/src/test/java/com/devsusana/hometutorpro/presentation/student_detail/StudentDetailViewModelTest.kt:628:13 Too many arguments for 'constructor(savedStateHandle: SavedStateHandle, getStudentByIdUseCase: IGetStudentByIdUseCase, saveStudentUseCase: ISaveStudentUseCase, deleteStudentUseCase: IDeleteStudentUseCase, getCurrentUserUseCase: IGetCurrentUserUseCase, validateStudentUseCase: IValidateStudentUseCase, saveScheduleUseCase: ISaveScheduleUseCase, financeDelegate: IStudentFinanceDelegate, scheduleDelegate: IStudentScheduleDelegate, resourceDelegate: IStudentResourceDelegate, application: Application): StudentDetailViewModel'.
e: file:///Users/susanacordobaserrano/AndroidStudioProjects/HomeTutorPro/app/src/test/java/com/devsusana/hometutorpro/presentation/student_detail/StudentDetailViewModelTest.kt:629:13 Too many arguments for 'constructor(savedStateHandle: SavedStateHandle, getStudentByIdUseCase: IGetStudentByIdUseCase, saveStudentUseCase: ISaveStudentUseCase, deleteStudentUseCase: IDeleteStudentUseCase, getCurrentUserUseCase: IGetCurrentUserUseCase, validateStudentUseCase: IValidateStudentUseCase, saveScheduleUseCase: ISaveScheduleUseCase, financeDelegate: IStudentFinanceDelegate, scheduleDelegate: IStudentScheduleDelegate, resourceDelegate: IStudentResourceDelegate, application: Application): StudentDetailViewModel'.
e: file:///Users/susanacordobaserrano/AndroidStudioProjects/HomeTutorPro/app/src/test/java/com/devsusana/hometutorpro/presentation/student_detail/StudentDetailViewModelTest.kt:630:13 Too many arguments for 'constructor(savedStateHandle: SavedStateHandle, getStudentByIdUseCase: IGetStudentByIdUseCase, saveStudentUseCase: ISaveStudentUseCase, deleteStudentUseCase: IDeleteStudentUseCase, getCurrentUserUseCase: IGetCurrentUserUseCase, validateStudentUseCase: IValidateStudentUseCase, saveScheduleUseCase: ISaveScheduleUseCase, financeDelegate: IStudentFinanceDelegate, scheduleDelegate: IStudentScheduleDelegate, resourceDelegate: IStudentResourceDelegate, application: Application): StudentDetailViewModel'.
e: file:///Users/susanacordobaserrano/AndroidStudioProjects/HomeTutorPro/app/src/test/java/com/devsusana/hometutorpro/presentation/student_detail/StudentDetailViewModelTest.kt:631:13 Too many arguments for 'constructor(savedStateHandle: SavedStateHandle, getStudentByIdUseCase: IGetStudentByIdUseCase, saveStudentUseCase: ISaveStudentUseCase, deleteStudentUseCase: IDeleteStudentUseCase, getCurrentUserUseCase: IGetCurrentUserUseCase, validateStudentUseCase: IValidateStudentUseCase, saveScheduleUseCase: ISaveScheduleUseCase, financeDelegate: IStudentFinanceDelegate, scheduleDelegate: IStudentScheduleDelegate, resourceDelegate: IStudentResourceDelegate, application: Application): StudentDetailViewModel'.
e: file:///Users/susanacordobaserrano/AndroidStudioProjects/HomeTutorPro/app/src/test/java/com/devsusana/hometutorpro/presentation/student_detail/StudentDetailViewModelTest.kt:632:13 Too many arguments for 'constructor(savedStateHandle: SavedStateHandle, getStudentByIdUseCase: IGetStudentByIdUseCase, saveStudentUseCase: ISaveStudentUseCase, deleteStudentUseCase: IDeleteStudentUseCase, getCurrentUserUseCase: IGetCurrentUserUseCase, validateStudentUseCase: IValidateStudentUseCase, saveScheduleUseCase: ISaveScheduleUseCase, financeDelegate: IStudentFinanceDelegate, scheduleDelegate: IStudentScheduleDelegate, resourceDelegate: IStudentResourceDelegate, application: Application): StudentDetailViewModel'.
e: file:///Users/susanacordobaserrano/AndroidStudioProjects/HomeTutorPro/app/src/test/java/com/devsusana/hometutorpro/presentation/student_detail/StudentDetailViewModelTest.kt:633:13 Too many arguments for 'constructor(savedStateHandle: SavedStateHandle, getStudentByIdUseCase: IGetStudentByIdUseCase, saveStudentUseCase: ISaveStudentUseCase, deleteStudentUseCase: IDeleteStudentUseCase, getCurrentUserUseCase: IGetCurrentUserUseCase, validateStudentUseCase: IValidateStudentUseCase, saveScheduleUseCase: ISaveScheduleUseCase, financeDelegate: IStudentFinanceDelegate, scheduleDelegate: IStudentScheduleDelegate, resourceDelegate: IStudentResourceDelegate, application: Application): StudentDetailViewModel'.
e: file:///Users/susanacordobaserrano/AndroidStudioProjects/HomeTutorPro/app/src/test/java/com/devsusana/hometutorpro/presentation/student_detail/StudentDetailViewModelTest.kt:682:13 Argument type mismatch: actual type is 'IRegisterPaymentUseCase', but 'IGetCurrentUserUseCase' was expected.
e: file:///Users/susanacordobaserrano/AndroidStudioProjects/HomeTutorPro/app/src/test/java/com/devsusana/hometutorpro/presentation/student_detail/StudentDetailViewModelTest.kt:683:13 Argument type mismatch: actual type is 'IGetCurrentUserUseCase', but 'IValidateStudentUseCase' was expected.
e: file:///Users/susanacordobaserrano/AndroidStudioProjects/HomeTutorPro/app/src/test/java/com/devsusana/hometutorpro/presentation/student_detail/StudentDetailViewModelTest.kt:685:13 Argument type mismatch: actual type is 'IDeleteScheduleUseCase', but 'IStudentFinanceDelegate' was expected.
e: file:///Users/susanacordobaserrano/AndroidStudioProjects/HomeTutorPro/app/src/test/java/com/devsusana/hometutorpro/presentation/student_detail/StudentDetailViewModelTest.kt:686:13 Argument type mismatch: actual type is 'IGetSharedResourcesUseCase', but 'IStudentScheduleDelegate' was expected.
e: file:///Users/susanacordobaserrano/AndroidStudioProjects/HomeTutorPro/app/src/test/java/com/devsusana/hometutorpro/presentation/student_detail/StudentDetailViewModelTest.kt:687:13 Argument type mismatch: actual type is 'ISaveSharedResourceUseCase', but 'IStudentResourceDelegate' was expected.
e: file:///Users/susanacordobaserrano/AndroidStudioProjects/HomeTutorPro/app/src/test/java/com/devsusana/hometutorpro/presentation/student_detail/StudentDetailViewModelTest.kt:688:13 Argument type mismatch: actual type is 'IDeleteSharedResourceUseCase', but 'Application' was expected.
e: file:///Users/susanacordobaserrano/AndroidStudioProjects/HomeTutorPro/app/src/test/java/com/devsusana/hometutorpro/presentation/student_detail/StudentDetailViewModelTest.kt:689:13 Too many arguments for 'constructor(savedStateHandle: SavedStateHandle, getStudentByIdUseCase: IGetStudentByIdUseCase, saveStudentUseCase: ISaveStudentUseCase, deleteStudentUseCase: IDeleteStudentUseCase, getCurrentUserUseCase: IGetCurrentUserUseCase, validateStudentUseCase: IValidateStudentUseCase, saveScheduleUseCase: ISaveScheduleUseCase, financeDelegate: IStudentFinanceDelegate, scheduleDelegate: IStudentScheduleDelegate, resourceDelegate: IStudentResourceDelegate, application: Application): StudentDetailViewModel'.
e: file:///Users/susanacordobaserrano/AndroidStudioProjects/HomeTutorPro/app/src/test/java/com/devsusana/hometutorpro/presentation/student_detail/StudentDetailViewModelTest.kt:690:13 Too many arguments for 'constructor(savedStateHandle: SavedStateHandle, getStudentByIdUseCase: IGetStudentByIdUseCase, saveStudentUseCase: ISaveStudentUseCase, deleteStudentUseCase: IDeleteStudentUseCase, getCurrentUserUseCase: IGetCurrentUserUseCase, validateStudentUseCase: IValidateStudentUseCase, saveScheduleUseCase: ISaveScheduleUseCase, financeDelegate: IStudentFinanceDelegate, scheduleDelegate: IStudentScheduleDelegate, resourceDelegate: IStudentResourceDelegate, application: Application): StudentDetailViewModel'.
e: file:///Users/susanacordobaserrano/AndroidStudioProjects/HomeTutorPro/app/src/test/java/com/devsusana/hometutorpro/presentation/student_detail/StudentDetailViewModelTest.kt:691:13 Too many arguments for 'constructor(savedStateHandle: SavedStateHandle, getStudentByIdUseCase: IGetStudentByIdUseCase, saveStudentUseCase: ISaveStudentUseCase, deleteStudentUseCase: IDeleteStudentUseCase, getCurrentUserUseCase: IGetCurrentUserUseCase, validateStudentUseCase: IValidateStudentUseCase, saveScheduleUseCase: ISaveScheduleUseCase, financeDelegate: IStudentFinanceDelegate, scheduleDelegate: IStudentScheduleDelegate, resourceDelegate: IStudentResourceDelegate, application: Application): StudentDetailViewModel'.
e: file:///Users/susanacordobaserrano/AndroidStudioProjects/HomeTutorPro/app/src/test/java/com/devsusana/hometutorpro/presentation/student_detail/StudentDetailViewModelTest.kt:692:13 Too many arguments for 'constructor(savedStateHandle: SavedStateHandle, getStudentByIdUseCase: IGetStudentByIdUseCase, saveStudentUseCase: ISaveStudentUseCase, deleteStudentUseCase: IDeleteStudentUseCase, getCurrentUserUseCase: IGetCurrentUserUseCase, validateStudentUseCase: IValidateStudentUseCase, saveScheduleUseCase: ISaveScheduleUseCase, financeDelegate: IStudentFinanceDelegate, scheduleDelegate: IStudentScheduleDelegate, resourceDelegate: IStudentResourceDelegate, application: Application): StudentDetailViewModel'.
e: file:///Users/susanacordobaserrano/AndroidStudioProjects/HomeTutorPro/app/src/test/java/com/devsusana/hometutorpro/presentation/student_detail/StudentDetailViewModelTest.kt:693:13 Too many arguments for 'constructor(savedStateHandle: SavedStateHandle, getStudentByIdUseCase: IGetStudentByIdUseCase, saveStudentUseCase: ISaveStudentUseCase, deleteStudentUseCase: IDeleteStudentUseCase, getCurrentUserUseCase: IGetCurrentUserUseCase, validateStudentUseCase: IValidateStudentUseCase, saveScheduleUseCase: ISaveScheduleUseCase, financeDelegate: IStudentFinanceDelegate, scheduleDelegate: IStudentScheduleDelegate, resourceDelegate: IStudentResourceDelegate, application: Application): StudentDetailViewModel'.
e: file:///Users/susanacordobaserrano/AndroidStudioProjects/HomeTutorPro/app/src/test/java/com/devsusana/hometutorpro/presentation/student_detail/StudentDetailViewModelTest.kt:694:13 Too many arguments for 'constructor(savedStateHandle: SavedStateHandle, getStudentByIdUseCase: IGetStudentByIdUseCase, saveStudentUseCase: ISaveStudentUseCase, deleteStudentUseCase: IDeleteStudentUseCase, getCurrentUserUseCase: IGetCurrentUserUseCase, validateStudentUseCase: IValidateStudentUseCase, saveScheduleUseCase: ISaveScheduleUseCase, financeDelegate: IStudentFinanceDelegate, scheduleDelegate: IStudentScheduleDelegate, resourceDelegate: IStudentResourceDelegate, application: Application): StudentDetailViewModel'.
e: file:///Users/susanacordobaserrano/AndroidStudioProjects/HomeTutorPro/app/src/test/java/com/devsusana/hometutorpro/presentation/student_detail/StudentDetailViewModelTest.kt:728:13 Argument type mismatch: actual type is 'IRegisterPaymentUseCase', but 'IGetCurrentUserUseCase' was expected.
e: file:///Users/susanacordobaserrano/AndroidStudioProjects/HomeTutorPro/app/src/test/java/com/devsusana/hometutorpro/presentation/student_detail/StudentDetailViewModelTest.kt:729:13 Argument type mismatch: actual type is 'IGetCurrentUserUseCase', but 'IValidateStudentUseCase' was expected.
e: file:///Users/susanacordobaserrano/AndroidStudioProjects/HomeTutorPro/app/src/test/java/com/devsusana/hometutorpro/presentation/student_detail/StudentDetailViewModelTest.kt:731:13 Argument type mismatch: actual type is 'IDeleteScheduleUseCase', but 'IStudentFinanceDelegate' was expected.
e: file:///Users/susanacordobaserrano/AndroidStudioProjects/HomeTutorPro/app/src/test/java/com/devsusana/hometutorpro/presentation/student_detail/StudentDetailViewModelTest.kt:732:13 Argument type mismatch: actual type is 'IGetSharedResourcesUseCase', but 'IStudentScheduleDelegate' was expected.
e: file:///Users/susanacordobaserrano/AndroidStudioProjects/HomeTutorPro/app/src/test/java/com/devsusana/hometutorpro/presentation/student_detail/StudentDetailViewModelTest.kt:733:13 Argument type mismatch: actual type is 'ISaveSharedResourceUseCase', but 'IStudentResourceDelegate' was expected.
e: file:///Users/susanacordobaserrano/AndroidStudioProjects/HomeTutorPro/app/src/test/java/com/devsusana/hometutorpro/presentation/student_detail/StudentDetailViewModelTest.kt:734:13 Argument type mismatch: actual type is 'IDeleteSharedResourceUseCase', but 'Application' was expected.
e: file:///Users/susanacordobaserrano/AndroidStudioProjects/HomeTutorPro/app/src/test/java/com/devsusana/hometutorpro/presentation/student_detail/StudentDetailViewModelTest.kt:735:13 Too many arguments for 'constructor(savedStateHandle: SavedStateHandle, getStudentByIdUseCase: IGetStudentByIdUseCase, saveStudentUseCase: ISaveStudentUseCase, deleteStudentUseCase: IDeleteStudentUseCase, getCurrentUserUseCase: IGetCurrentUserUseCase, validateStudentUseCase: IValidateStudentUseCase, saveScheduleUseCase: ISaveScheduleUseCase, financeDelegate: IStudentFinanceDelegate, scheduleDelegate: IStudentScheduleDelegate, resourceDelegate: IStudentResourceDelegate, application: Application): StudentDetailViewModel'.
e: file:///Users/susanacordobaserrano/AndroidStudioProjects/HomeTutorPro/app/src/test/java/com/devsusana/hometutorpro/presentation/student_detail/StudentDetailViewModelTest.kt:736:13 Too many arguments for 'constructor(savedStateHandle: SavedStateHandle, getStudentByIdUseCase: IGetStudentByIdUseCase, saveStudentUseCase: ISaveStudentUseCase, deleteStudentUseCase: IDeleteStudentUseCase, getCurrentUserUseCase: IGetCurrentUserUseCase, validateStudentUseCase: IValidateStudentUseCase, saveScheduleUseCase: ISaveScheduleUseCase, financeDelegate: IStudentFinanceDelegate, scheduleDelegate: IStudentScheduleDelegate, resourceDelegate: IStudentResourceDelegate, application: Application): StudentDetailViewModel'.
e: file:///Users/susanacordobaserrano/AndroidStudioProjects/HomeTutorPro/app/src/test/java/com/devsusana/hometutorpro/presentation/student_detail/StudentDetailViewModelTest.kt:737:13 Too many arguments for 'constructor(savedStateHandle: SavedStateHandle, getStudentByIdUseCase: IGetStudentByIdUseCase, saveStudentUseCase: ISaveStudentUseCase, deleteStudentUseCase: IDeleteStudentUseCase, getCurrentUserUseCase: IGetCurrentUserUseCase, validateStudentUseCase: IValidateStudentUseCase, saveScheduleUseCase: ISaveScheduleUseCase, financeDelegate: IStudentFinanceDelegate, scheduleDelegate: IStudentScheduleDelegate, resourceDelegate: IStudentResourceDelegate, application: Application): StudentDetailViewModel'.
e: file:///Users/susanacordobaserrano/AndroidStudioProjects/HomeTutorPro/app/src/test/java/com/devsusana/hometutorpro/presentation/student_detail/StudentDetailViewModelTest.kt:738:13 Too many arguments for 'constructor(savedStateHandle: SavedStateHandle, getStudentByIdUseCase: IGetStudentByIdUseCase, saveStudentUseCase: ISaveStudentUseCase, deleteStudentUseCase: IDeleteStudentUseCase, getCurrentUserUseCase: IGetCurrentUserUseCase, validateStudentUseCase: IValidateStudentUseCase, saveScheduleUseCase: ISaveScheduleUseCase, financeDelegate: IStudentFinanceDelegate, scheduleDelegate: IStudentScheduleDelegate, resourceDelegate: IStudentResourceDelegate, application: Application): StudentDetailViewModel'.
e: file:///Users/susanacordobaserrano/AndroidStudioProjects/HomeTutorPro/app/src/test/java/com/devsusana/hometutorpro/presentation/student_detail/StudentDetailViewModelTest.kt:739:13 Too many arguments for 'constructor(savedStateHandle: SavedStateHandle, getStudentByIdUseCase: IGetStudentByIdUseCase, saveStudentUseCase: ISaveStudentUseCase, deleteStudentUseCase: IDeleteStudentUseCase, getCurrentUserUseCase: IGetCurrentUserUseCase, validateStudentUseCase: IValidateStudentUseCase, saveScheduleUseCase: ISaveScheduleUseCase, financeDelegate: IStudentFinanceDelegate, scheduleDelegate: IStudentScheduleDelegate, resourceDelegate: IStudentResourceDelegate, application: Application): StudentDetailViewModel'.
e: file:///Users/susanacordobaserrano/AndroidStudioProjects/HomeTutorPro/app/src/test/java/com/devsusana/hometutorpro/presentation/student_detail/StudentDetailViewModelTest.kt:740:13 Too many arguments for 'constructor(savedStateHandle: SavedStateHandle, getStudentByIdUseCase: IGetStudentByIdUseCase, saveStudentUseCase: ISaveStudentUseCase, deleteStudentUseCase: IDeleteStudentUseCase, getCurrentUserUseCase: IGetCurrentUserUseCase, validateStudentUseCase: IValidateStudentUseCase, saveScheduleUseCase: ISaveScheduleUseCase, financeDelegate: IStudentFinanceDelegate, scheduleDelegate: IStudentScheduleDelegate, resourceDelegate: IStudentResourceDelegate, application: Application): StudentDetailViewModel'.
e: file:///Users/susanacordobaserrano/AndroidStudioProjects/HomeTutorPro/app/src/test/java/com/devsusana/hometutorpro/presentation/student_detail/StudentDetailViewModelTest.kt:784:13 Argument type mismatch: actual type is 'IRegisterPaymentUseCase', but 'IGetCurrentUserUseCase' was expected.
e: file:///Users/susanacordobaserrano/AndroidStudioProjects/HomeTutorPro/app/src/test/java/com/devsusana/hometutorpro/presentation/student_detail/StudentDetailViewModelTest.kt:785:13 Argument type mismatch: actual type is 'IGetCurrentUserUseCase', but 'IValidateStudentUseCase' was expected.
e: file:///Users/susanacordobaserrano/AndroidStudioProjects/HomeTutorPro/app/src/test/java/com/devsusana/hometutorpro/presentation/student_detail/StudentDetailViewModelTest.kt:787:13 Argument type mismatch: actual type is 'IDeleteScheduleUseCase', but 'IStudentFinanceDelegate' was expected.
e: file:///Users/susanacordobaserrano/AndroidStudioProjects/HomeTutorPro/app/src/test/java/com/devsusana/hometutorpro/presentation/student_detail/StudentDetailViewModelTest.kt:788:13 Argument type mismatch: actual type is 'IGetSharedResourcesUseCase', but 'IStudentScheduleDelegate' was expected.
e: file:///Users/susanacordobaserrano/AndroidStudioProjects/HomeTutorPro/app/src/test/java/com/devsusana/hometutorpro/presentation/student_detail/StudentDetailViewModelTest.kt:789:13 Argument type mismatch: actual type is 'ISaveSharedResourceUseCase', but 'IStudentResourceDelegate' was expected.
e: file:///Users/susanacordobaserrano/AndroidStudioProjects/HomeTutorPro/app/src/test/java/com/devsusana/hometutorpro/presentation/student_detail/StudentDetailViewModelTest.kt:790:13 Argument type mismatch: actual type is 'IDeleteSharedResourceUseCase', but 'Application' was expected.
e: file:///Users/susanacordobaserrano/AndroidStudioProjects/HomeTutorPro/app/src/test/java/com/devsusana/hometutorpro/presentation/student_detail/StudentDetailViewModelTest.kt:791:13 Too many arguments for 'constructor(savedStateHandle: SavedStateHandle, getStudentByIdUseCase: IGetStudentByIdUseCase, saveStudentUseCase: ISaveStudentUseCase, deleteStudentUseCase: IDeleteStudentUseCase, getCurrentUserUseCase: IGetCurrentUserUseCase, validateStudentUseCase: IValidateStudentUseCase, saveScheduleUseCase: ISaveScheduleUseCase, financeDelegate: IStudentFinanceDelegate, scheduleDelegate: IStudentScheduleDelegate, resourceDelegate: IStudentResourceDelegate, application: Application): StudentDetailViewModel'.
e: file:///Users/susanacordobaserrano/AndroidStudioProjects/HomeTutorPro/app/src/test/java/com/devsusana/hometutorpro/presentation/student_detail/StudentDetailViewModelTest.kt:792:13 Too many arguments for 'constructor(savedStateHandle: SavedStateHandle, getStudentByIdUseCase: IGetStudentByIdUseCase, saveStudentUseCase: ISaveStudentUseCase, deleteStudentUseCase: IDeleteStudentUseCase, getCurrentUserUseCase: IGetCurrentUserUseCase, validateStudentUseCase: IValidateStudentUseCase, saveScheduleUseCase: ISaveScheduleUseCase, financeDelegate: IStudentFinanceDelegate, scheduleDelegate: IStudentScheduleDelegate, resourceDelegate: IStudentResourceDelegate, application: Application): StudentDetailViewModel'.
e: file:///Users/susanacordobaserrano/AndroidStudioProjects/HomeTutorPro/app/src/test/java/com/devsusana/hometutorpro/presentation/student_detail/StudentDetailViewModelTest.kt:793:13 Too many arguments for 'constructor(savedStateHandle: SavedStateHandle, getStudentByIdUseCase: IGetStudentByIdUseCase, saveStudentUseCase: ISaveStudentUseCase, deleteStudentUseCase: IDeleteStudentUseCase, getCurrentUserUseCase: IGetCurrentUserUseCase, validateStudentUseCase: IValidateStudentUseCase, saveScheduleUseCase: ISaveScheduleUseCase, financeDelegate: IStudentFinanceDelegate, scheduleDelegate: IStudentScheduleDelegate, resourceDelegate: IStudentResourceDelegate, application: Application): StudentDetailViewModel'.
e: file:///Users/susanacordobaserrano/AndroidStudioProjects/HomeTutorPro/app/src/test/java/com/devsusana/hometutorpro/presentation/student_detail/StudentDetailViewModelTest.kt:794:13 Too many arguments for 'constructor(savedStateHandle: SavedStateHandle, getStudentByIdUseCase: IGetStudentByIdUseCase, saveStudentUseCase: ISaveStudentUseCase, deleteStudentUseCase: IDeleteStudentUseCase, getCurrentUserUseCase: IGetCurrentUserUseCase, validateStudentUseCase: IValidateStudentUseCase, saveScheduleUseCase: ISaveScheduleUseCase, financeDelegate: IStudentFinanceDelegate, scheduleDelegate: IStudentScheduleDelegate, resourceDelegate: IStudentResourceDelegate, application: Application): StudentDetailViewModel'.
e: file:///Users/susanacordobaserrano/AndroidStudioProjects/HomeTutorPro/app/src/test/java/com/devsusana/hometutorpro/presentation/student_detail/StudentDetailViewModelTest.kt:795:13 Too many arguments for 'constructor(savedStateHandle: SavedStateHandle, getStudentByIdUseCase: IGetStudentByIdUseCase, saveStudentUseCase: ISaveStudentUseCase, deleteStudentUseCase: IDeleteStudentUseCase, getCurrentUserUseCase: IGetCurrentUserUseCase, validateStudentUseCase: IValidateStudentUseCase, saveScheduleUseCase: ISaveScheduleUseCase, financeDelegate: IStudentFinanceDelegate, scheduleDelegate: IStudentScheduleDelegate, resourceDelegate: IStudentResourceDelegate, application: Application): StudentDetailViewModel'.
e: file:///Users/susanacordobaserrano/AndroidStudioProjects/HomeTutorPro/app/src/test/java/com/devsusana/hometutorpro/presentation/student_detail/StudentDetailViewModelTest.kt:796:13 Too many arguments for 'constructor(savedStateHandle: SavedStateHandle, getStudentByIdUseCase: IGetStudentByIdUseCase, saveStudentUseCase: ISaveStudentUseCase, deleteStudentUseCase: IDeleteStudentUseCase, getCurrentUserUseCase: IGetCurrentUserUseCase, validateStudentUseCase: IValidateStudentUseCase, saveScheduleUseCase: ISaveScheduleUseCase, financeDelegate: IStudentFinanceDelegate, scheduleDelegate: IStudentScheduleDelegate, resourceDelegate: IStudentResourceDelegate, application: Application): StudentDetailViewModel'.
e: file:///Users/susanacordobaserrano/AndroidStudioProjects/HomeTutorPro/app/src/test/java/com/devsusana/hometutorpro/presentation/student_list/StudentListViewModelTest.kt:59:54 Argument type mismatch: actual type is 'Flow<List<Student>>', but 'Flow<List<StudentSummary>>' was expected.
e: file:///Users/susanacordobaserrano/AndroidStudioProjects/HomeTutorPro/app/src/test/java/com/devsusana/hometutorpro/presentation/weekly_schedule/WeeklyScheduleViewModelTest.kt:82:54 Argument type mismatch: actual type is 'Flow<List<Student>>', but 'Flow<List<StudentSummary>>' was expected.
e: file:///Users/susanacordobaserrano/AndroidStudioProjects/HomeTutorPro/app/src/test/java/com/devsusana/hometutorpro/presentation/weekly_schedule/WeeklyScheduleViewModelTest.kt:96:13 Argument type mismatch: actual type is 'Application', but 'IGenerateCalendarOccurrencesUseCase' was expected.
e: file:///Users/susanacordobaserrano/AndroidStudioProjects/HomeTutorPro/app/src/test/java/com/devsusana/hometutorpro/presentation/weekly_schedule/WeeklyScheduleViewModelTest.kt:96:13 No value passed for parameter 'application'.
